Component: ARM Compiler 5.06 update 7 (build 960) Tool: armlink [4d3601]

==============================================================================

Section Cross References

    main.o(.text) refers to it.o(.text) for Delay
    main.o(.text) refers to commsmasterslave.o(.text) for SendSlave
    main.o(.text) refers to gd32f1x0_usart.o(.text) for usart_deinit
    main.o(.text) refers to bldc.o(.text) for SetEnable
    main.o(.text) refers to gd32f1x0_gpio.o(.text) for gpio_bit_write
    main.o(.text) refers to gd32f1x0_fwdgt.o(.text) for fwdgt_counter_reload
    main.o(.text) refers to system_gd32f1x0.o(.text) for SystemCoreClockUpdate
    main.o(.text) refers to setup.o(.text) for Watchdog_init
    main.o(.text) refers to commssteering.o(.text) for SendSteerDevice
    main.o(.text) refers to dflt_clz.o(x$fpl$dflt) for __aeabi_i2d
    main.o(.text) refers to dleqf.o(x$fpl$dleqf) for __aeabi_cdcmple
    main.o(.text) refers to fflt_clz.o(x$fpl$fflt) for __aeabi_i2f
    main.o(.text) refers to faddsub_clz.o(x$fpl$fsub) for __aeabi_fsub
    main.o(.text) refers to f2d.o(x$fpl$f2d) for __aeabi_f2d
    main.o(.text) refers to dmul.o(x$fpl$dmul) for __aeabi_dmul
    main.o(.text) refers to ddiv.o(x$fpl$ddiv) for __aeabi_ddiv
    main.o(.text) refers to daddsub_clz.o(x$fpl$dadd) for __aeabi_dadd
    main.o(.text) refers to d2f.o(x$fpl$d2f) for __aeabi_d2f
    main.o(.text) refers to fmul.o(x$fpl$fmul) for __aeabi_fmul
    main.o(.text) refers to ffix.o(x$fpl$ffix) for __aeabi_f2iz
    main.o(.text) refers to fdiv.o(x$fpl$fdiv) for __aeabi_fdiv
    main.o(.text) refers to faddsub_clz.o(x$fpl$fadd) for __aeabi_fadd
    main.o(.text) refers to ffixu.o(x$fpl$ffixu) for __aeabi_f2uiz
    main.o(.text) refers to frleqf.o(x$fpl$frleqf) for __aeabi_cfrcmple
    main.o(.text) refers to fleqf.o(x$fpl$fleqf) for __aeabi_cfcmple
    main.o(.text) refers to bldc.o(.data) for buzzerPattern
    main.o(.text) refers to main.o(.data) for speed
    main.o(.text) refers to system_gd32f1x0.o(.data) for SystemCoreClock
    main.o(.text) refers to main.o(.constdata) for lookUpTableAngle
    main.o(.text) refers to it.o(.data) for timedOut
    main.o(.text) refers to drleqf.o(x$fpl$drleqf) for __aeabi_cdrcmple
    bldc.o(.text) refers to fflt_clz.o(x$fpl$ffltu) for __aeabi_ui2f
    bldc.o(.text) refers to f2d.o(x$fpl$f2d) for __aeabi_f2d
    bldc.o(.text) refers to dmul.o(x$fpl$dmul) for __aeabi_dmul
    bldc.o(.text) refers to daddsub_clz.o(x$fpl$dadd) for __aeabi_dadd
    bldc.o(.text) refers to d2f.o(x$fpl$d2f) for __aeabi_d2f
    bldc.o(.text) refers to gd32f1x0_gpio.o(.text) for gpio_bit_write
    bldc.o(.text) refers to dflt_clz.o(x$fpl$dflt) for __aeabi_i2d
    bldc.o(.text) refers to dleqf.o(x$fpl$dleqf) for __aeabi_cdcmple
    bldc.o(.text) refers to frleqf.o(x$fpl$frleqf) for __aeabi_cfrcmple
    bldc.o(.text) refers to gd32f1x0_timer.o(.text) for timer_automatic_output_disable
    bldc.o(.text) refers to bldc.o(i.blockPWM) for blockPWM
    bldc.o(.text) refers to fdiv.o(x$fpl$fdiv) for __aeabi_fdiv
    bldc.o(.text) refers to bldc.o(.data) for bldc_enable
    bldc.o(.text) refers to it.o(.data) for timedOut
    bldc.o(.text) refers to bldc.o(.constdata) for hall_to_pos
    setup.o(.text) refers to gd32f1x0_misc.o(.text) for nvic_priority_group_set
    setup.o(.text) refers to gd32f1x0_rcu.o(.text) for rcu_flag_get
    setup.o(.text) refers to gd32f1x0_fwdgt.o(.text) for fwdgt_config
    setup.o(.text) refers to gd32f1x0_timer.o(.text) for timer_deinit
    setup.o(.text) refers to gd32f1x0_gpio.o(.text) for gpio_mode_set
    setup.o(.text) refers to setup.o(.bss) for timeoutTimer_paramter_struct
    setup.o(.text) refers to gd32f1x0_dma.o(.text) for dma_deinit
    setup.o(.text) refers to rt_memcpy_w.o(.text) for __aeabi_memcpy4
    setup.o(.text) refers to gd32f1x0_adc.o(.text) for adc_channel_length_config
    setup.o(.text) refers to gd32f1x0_i2c.o(.text) for i2c_clock_config
    setup.o(.text) refers to gd32f1x0_usart.o(.text) for usart_baudrate_set
    setup.o(.text) refers to bldc.o(.data) for adc_buffer
    setup.o(.text) refers to setup.o(.data) for usartMasterSlave_rx_buf
    it.o(.text) refers to gd32f1x0_timer.o(.text) for timer_interrupt_flag_clear
    it.o(.text) refers to gd32f1x0_adc.o(.text) for adc_software_trigger_enable
    it.o(.text) refers to buttontest.o(.text) for ButtonTest
    it.o(.text) refers to bldc.o(.text) for CalculateBLDC
    it.o(.text) refers to gd32f1x0_dma.o(.text) for dma_interrupt_flag_get
    it.o(.text) refers to commssteering.o(.text) for UpdateUSARTSteerInput
    it.o(.text) refers to commsmasterslave.o(.text) for UpdateUSARTMasterSlaveInput
    it.o(.text) refers to it.o(.data) for msTicks
    it.o(.text) refers to main.o(.data) for steer
    comms.o(.text) refers to gd32f1x0_usart.o(.text) for usart_data_transmit
    commssteering.o(.text) refers to _printf_pad.o(.text) for _printf_pre_padding
[...]
    _dsub1                                   0x080063ad   Thumb Code     0  daddsub_clz.o(x$fpl$dsub)
    x$fpl$f2d                                0x08006570   Section       86  f2d.o(x$fpl$f2d)
    x$fpl$fadd                               0x080065c8   Section      196  faddsub_clz.o(x$fpl$fadd)
    _fadd1                                   0x080065d7   Thumb Code     0  faddsub_clz.o(x$fpl$fadd)
    x$fpl$fcmpinf                            0x0800668c   Section       24  fcmpi.o(x$fpl$fcmpinf)
    x$fpl$fdiv                               0x080066a4   Section      388  fdiv.o(x$fpl$fdiv)
    _fdiv1                                   0x080066a5   Thumb Code     0  fdiv.o(x$fpl$fdiv)
    x$fpl$ffix                               0x08006828   Section       54  ffix.o(x$fpl$ffix)
    x$fpl$ffixu                              0x08006860   Section       62  ffixu.o(x$fpl$ffixu)
    x$fpl$fflt                               0x080068a0   Section       48  fflt_clz.o(x$fpl$fflt)
    x$fpl$ffltu                              0x080068d0   Section       38  fflt_clz.o(x$fpl$ffltu)
    x$fpl$fleqf                              0x080068f8   Section      104  fleqf.o(x$fpl$fleqf)
    x$fpl$fmul                               0x08006960   Section      258  fmul.o(x$fpl$fmul)
    x$fpl$fnaninf                            0x08006a62   Section      140  fnaninf.o(x$fpl$fnaninf)
    x$fpl$fretinf                            0x08006aee   Section       10  fretinf.o(x$fpl$fretinf)
    x$fpl$frleqf                             0x08006af8   Section       98  frleqf.o(x$fpl$frleqf)
    x$fpl$fsub                               0x08006b5c   Section      234  faddsub_clz.o(x$fpl$fsub)
    _fsub1                                   0x08006b6b   Thumb Code     0  faddsub_clz.o(x$fpl$fsub)
    x$fpl$printf1                            0x08006c46   Section        4  printf1.o(x$fpl$printf1)
    x$fpl$usenofp                            0x08006c4a   Section        0  usenofp.o(x$fpl$usenofp)
    .constdata                               0x08006c4c   Section      724  main.o(.constdata)
    .constdata                               0x08006f20   Section       10  bldc.o(.constdata)
    .constdata                               0x08006f2c   Section      148  bigflt0.o(.constdata)
    tenpwrs_x                                0x08006f2c   Data          60  bigflt0.o(.constdata)
    tenpwrs_i                                0x08006f68   Data          64  bigflt0.o(.constdata)
    locale$$data                             0x08006fe0   Section       28  lc_numeric_c.o(locale$$data)
    __lcnum_c_name                           0x08006fe4   Data           2  lc_numeric_c.o(locale$$data)
    __lcnum_c_start                          0x08006fec   Data           0  lc_numeric_c.o(locale$$data)
    __lcnum_c_point                          0x08006ff8   Data           0  lc_numeric_c.o(locale$$data)
    __lcnum_c_thousands                      0x08006ffa   Data           0  lc_numeric_c.o(locale$$data)
    __lcnum_c_grouping                       0x08006ffb   Data           0  lc_numeric_c.o(locale$$data)
    __lcnum_c_end                            0x08006ffc   Data           0  lc_numeric_c.o(locale$$data)
    .data                                    0x20000000   Section       42  main.o(.data)
    .data                                    0x2000002c   Section       48  bldc.o(.data)
    .data                                    0x2000005c   Section        2  setup.o(.data)
    .data                                    0x20000060   Section       16  it.o(.data)
    delay                                    0x2000006c   Data           4  it.o(.data)
    .data                                    0x20000070   Section       56  commssteering.o(.data)
    sSteerRecord                             0x20000070   Data           1  commssteering.o(.data)
    sUSARTSteerRecordBuffer                  0x20000071   Data           8  commssteering.o(.data)
    sUSARTSteerRecordBufferCounter           0x20000079   Data           1  commssteering.o(.data)
    .data                                    0x200000a8   Section        7  commsmasterslave.o(.data)
    sMasterSlaveRecord                       0x200000a8   Data           1  commsmasterslave.o(.data)
    sUSARTMasterSlaveRecordBuffer            0x200000a9   Data           5  commsmasterslave.o(.data)
    sUSARTMasterSlaveRecordBufferCounter     0x200000ae   Data           1  commsmasterslave.o(.data)
    .data                                    0x200000af   Section        3  buttontest.o(.data)
    .data                                    0x200000b4   Section        4  system_gd32f1x0.o(.data)
    .bss                                     0x200000b8   Section      132  setup.o(.bss)
    .bss                                     0x2000013c   Section       96  libspace.o(.bss)
    HEAP                                     0x200001a0   Section     1024  startup_gd32f1x0.o(HEAP)
    Heap_Mem                                 0x200001a0   Data        1024  startup_gd32f1x0.o(HEAP)
    STACK                                    0x200005a0   Section     1024  startup_gd32f1x0.o(STACK)
    Stack_Mem                                0x200005a0   Data        1024  startup_gd32f1x0.o(STACK)
    __initial_sp                             0x200009a0   Data           0  startup_gd32f1x0.o(STACK)

    Global Symbols

    Symbol Name                              Value     Ov Type        Size  Object(Section)

    BuildAttributes$$THM_ISAv4$P$D$K$B$S$PE$A:L22UL41UL21$X:L11$S22US41US21$IEEE1$IW$USESV6$~STKCKD$USESV7$~SHL$OTIME$ROPI$IEEEX$EBA8$UX$STANDARDLIB$REQ8$PRES8$EABIv2 0x00000000   Number         0  anon$$obj.o ABSOLUTE
    __ARM_use_no_argv                        0x00000000   Number         0  main.o ABSOLUTE
    _printf_flags                            0x00000000   Number         0  printf_stubs.o ABSOLUTE
    _printf_return_value                     0x00000000   Number         0  printf_stubs.o ABSOLUTE
    _printf_sizespec                         0x00000000   Number         0  printf_stubs.o ABSOLUTE
    _printf_widthprec                        0x00000000   Number         0  printf_stubs.o ABSOLUTE
    __ARM_exceptions_init                     - Undefined Weak Reference
    __alloca_initialize                       - Undefined Weak Reference
    __arm_fini_                               - Undefined Weak Reference
    __arm_preinit_                            - Undefined Weak Reference
    __cpp_initialize__aeabi_                  - Undefined Weak Reference
    __cxa_finalize                            - Undefined Weak Reference
    __sigvec_lookup                           - Undefined Weak Reference
    _atexit_init                              - Undefined Weak Reference
    _call_atexit_fns                          - Undefined Weak Reference
    _clock_init                               - Undefined Weak Reference
    _fp_trap_init                             - Undefined Weak Reference
    _fp_trap_shutdown                         - Undefined Weak Reference
    _get_lc_collate                           - Undefined Weak Reference
    _get_lc_ctype                             - Undefined Weak Reference
    _get_lc_monetary                          - Undefined Weak Reference
    _get_lc_time                              - Undefined Weak Reference
    _getenv_init                              - Undefined Weak Reference
    _handle_redirection                       - Undefined Weak Reference
    _init_alloc                               - Undefined Weak Reference
    _init_user_alloc                          - Undefined Weak Reference
    _initio                                   - Undefined Weak Reference
    _rand_init                                - Undefined Weak Reference
    _signal_finish                            - Undefined Weak Reference
    _signal_init                              - Undefined Weak Reference
    _terminate_alloc                          - Undefined Weak Reference
    _terminate_user_alloc                     - Undefined Weak Reference
    _terminateio                              - Undefined Weak Reference
    __Vectors_Size                           0x00000168   Number         0  startup_gd32f1x0.o ABSOLUTE
    __Vectors                                0x08000000   Data           4  startup_gd32f1x0.o(RESET)
    __Vectors_End                            0x08000168   Data           0  startup_gd32f1x0.o(RESET)
    __main                                   0x08000169   Thumb Code     8  __main.o(!!!main)
    __scatterload                            0x08000171   Thumb Code     0  __scatter.o(!!!scatter)
    __scatterload_rt2                        0x08000171   Thumb Code    44  __scatter.o(!!!scatter)
    __scatterload_rt2_thumb_only             0x08000171   Thumb Code     0  __scatter.o(!!!scatter)
    __scatterload_null                       0x0800017f   Thumb Code     0  __scatter.o(!!!scatter)
    __scatterload_copy                       0x080001a5   Thumb Code    26  __scatter_copy.o(!!handler_copy)
    __scatterload_zeroinit                   0x080001c1   Thumb Code    28  __scatter_zi.o(!!handler_zi)
    _printf_f                                0x080001dd   Thumb Code     0  _printf_f.o(.ARM.Collect$$_printf_percent$$00000003)
    _printf_percent                          0x080001dd   Thumb Code     0  _printf_percent.o(.ARM.Collect$$_printf_percent$$00000000)
    _printf_percent_end                      0x080001e3   Thumb Code     0  _printf_percent_end.o(.ARM.Collect$$_printf_percent$$00000017)
    __rt_lib_init                            0x080001e7   Thumb Code     0  libinit.o(.ARM.Collect$$libinit$$00000000)
    __rt_lib_init_fp_1                       0x080001e9   Thumb Code     0  libinit2.o(.ARM.Collect$$libinit$$00000002)
    __rt_lib_init_heap_1                     0x080001e9   Thumb Code     0  libinit2.o(.ARM.Collect$$libinit$$0000000A)
    __rt_lib_init_lc_common                  0x080001e9   Thumb Code     0  libinit2.o(.ARM.Collect$$libinit$$0000000F)
    __rt_lib_init_preinit_1                  0x080001e9   Thumb Code     0  libinit2.o(.ARM.Collect$$libinit$$00000004)
    __rt_lib_init_rand_1                     0x080001e9   Thumb Code     0  libinit2.o(.ARM.Collect$$libinit$$0000000E)
    __rt_lib_init_user_alloc_1               0x080001e9   Thumb Code     0  libinit2.o(.ARM.Collect$$libinit$$0000000C)
    __rt_lib_init_lc_collate_1               0x080001ef   Thumb Code     0  libinit2.o(.ARM.Collect$$libinit$$00000011)
    __rt_lib_init_lc_ctype_1                 0x080001ef   Thumb Code     0  libinit2.o(.ARM.Collect$$libinit$$00000013)
    __rt_lib_init_lc_monetary_1              0x080001ef   Thumb Code     0  libinit2.o(.ARM.Collect$$libinit$$00000015)
    __rt_lib_init_lc_numeric_2               0x080001ef   Thumb Code     0  libinit2.o(.ARM.Collect$$libinit$$00000016)
    __rt_lib_init_alloca_1                   0x080001f9   Thumb Code     0  libinit2.o(.ARM.Collect$$libinit$$0000002E)
    __rt_lib_init_argv_1                     0x080001f9   Thumb Code     0  libinit2.o(.ARM.Collect$$libinit$$0000002C)
    __rt_lib_init_atexit_1                   0x080001f9   Thumb Code     0  libinit2.o(.ARM.Collect$$libinit$$0000001B)
    __rt_lib_init_clock_1                    0x080001f9   Thumb Code     0  libinit2.o(.ARM.Collect$$libinit$$00000021)
    __rt_lib_init_cpp_1                      0x080001f9   Thumb Code     0  libinit2.o(.ARM.Collect$$libinit$$00000032)
    __rt_lib_init_exceptions_1               0x080001f9   Thumb Code     0  libinit2.o(.ARM.Collect$$libinit$$00000030)
    __rt_lib_init_fp_trap_1                  0x080001f9   Thumb Code     0  libinit2.o(.ARM.Collect$$libinit$$0000001F)
    __rt_lib_init_getenv_1                   0x080001f9   Thumb Code     0  libinit2.o(.ARM.Collect$$libinit$$00000023)
    __rt_lib_init_lc_numeric_1               0x080001f9   Thumb Code     0  libinit2.o(.ARM.Collect$$libinit$$00000017)
    __rt_lib_init_lc_time_1                  0x080001f9   Thumb Code     0  libinit2.o(.ARM.Collect$$libinit$$00000019)
    __rt_lib_init_return                     0x080001f9   Thumb Code     0  libinit2.o(.ARM.Collect$$libinit$$00000033)
    __rt_lib_init_signal_1                   0x080001f9   Thumb Code     0  libinit2.o(.ARM.Collect$$libinit$$0000001D)
    __rt_lib_init_stdio_1                    0x080001f9   Thumb Code     0  libinit2.o(.ARM.Collect$$libinit$$00000025)
    __rt_lib_shutdown                        0x080001fb   Thumb Code     0  libshutdown.o(.ARM.Collect$$libshutdown$$00000000)
    __rt_lib_shutdown_cpp_1                  0x080001fd   Thumb Code     0  libshutdown2.o(.ARM.Collect$$libshutdown$$00000004)
    __rt_lib_shutdown_fini_1                 0x080001fd   Thumb Code     0  libshutdown2.o(.ARM.Collect$$libshutdown$$00000002)
    __rt_lib_shutdown_fp_trap_1              0x080001fd   Thumb Code     0  libshutdown2.o(.ARM.Collect$$libshutdown$$00000009)
    __rt_lib_shutdown_heap_1                 0x080001fd   Thumb Code     0  libshutdown2.o(.ARM.Collect$$libshutdown$$00000011)
    __rt_lib_shutdown_return                 0x080001fd   Thumb Code     0  libshutdown2.o(.ARM.Collect$$libshutdown$$00000012)
    __rt_lib_shutdown_signal_1               0x080001fd   Thumb Code     0  libshutdown2.o(.ARM.Collect$$libshutdown$$0000000C)
    __rt_lib_shutdown_stdio_1                0x080001fd   Thumb Code     0  libshutdown2.o(.ARM.Collect$$libshutdown$$00000006)
    __rt_lib_shutdown_user_alloc_1           0x080001fd   Thumb Code     0  libshutdown2.o(.ARM.Collect$$libshutdown$$0000000E)
    __rt_entry                               0x080001ff   Thumb Code     0  __rtentry.o(.ARM.Collect$$rtentry$$00000000)
    __rt_entry_presh_1                       0x080001ff   Thumb Code     0  __rtentry2.o(.ARM.Collect$$rtentry$$00000002)
    __rt_entry_sh                            0x080001ff   Thumb Code     0  __rtentry4.o(.ARM.Collect$$rtentry$$00000004)
    __rt_entry_li                            0x08000205   Thumb Code     0  __rtentry2.o(.ARM.Collect$$rtentry$$0000000A)
    __rt_entry_postsh_1                      0x08000205   Thumb Code     0  __rtentry2.o(.ARM.Collect$$rtentry$$00000009)
    __rt_entry_main                          0x08000209   Thumb Code     0  __rtentry2.o(.ARM.Collect$$rtentry$$0000000D)
    __rt_entry_postli_1                      0x08000209   Thumb Code     0  __rtentry2.o(.ARM.Collect$$rtentry$$0000000C)
    __rt_exit                                0x08000211   Thumb Code     0  rtexit.o(.ARM.Collect$$rtexit$$00000000)
    __rt_exit_ls                             0x08000213   Thumb Code     0  rtexit2.o(.ARM.Collect$$rtexit$$00000003)
    __rt_exit_prels_1                        0x08000213   Thumb Code     0  rtexit2.o(.ARM.Collect$$rtexit$$00000002)
    __rt_exit_exit                           0x08000217   Thumb Code     0  rtexit2.o(.ARM.Collect$$rtexit$$00000004)
    ShutOff                                  0x0800021d   Thumb Code    84  main.o(.text)
    ShowBatteryState                         0x08000271   Thumb Code    78  main.o(.text)
    BeepsBackwards                           0x080002bf   Thumb Code    40  main.o(.text)
    main                                     0x080002e7   Thumb Code  1374  main.o(.text)
    SetEnable                                0x0800087d   Thumb Code     6  bldc.o(.text)
    SetPWM                                   0x08000883   Thumb Code    30  bldc.o(.text)
    CalculateBLDC                            0x080008a1   Thumb Code   778  bldc.o(.text)
    Interrupt_init                           0x08000c41   Thumb Code    12  setup.o(.text)
    Watchdog_init                            0x08000c4d   Thumb Code    54  setup.o(.text)
    TimeoutTimer_init                        0x08000c83   Thumb Code    80  setup.o(.text)
    GPIO_init                                0x08000cd3   Thumb Code   958  setup.o(.text)
    PWM_init                                 0x08001091   Thumb Code   356  setup.o(.text)
    ADC_init                                 0x080011f5   Thumb Code   226  setup.o(.text)
    I2C_IMU_init                             0x080012d7   Thumb Code    40  setup.o(.text)
    USART_MasterSlave_init                   0x080012ff   Thumb Code   206  setup.o(.text)
    USART_Steer_COM_init                     0x080013cd   Thumb Code   264  setup.o(.text)
    SysTick_Handler                          0x080014d5   Thumb Code    12  it.o(.text)
    ResetTimeout                             0x080014e1   Thumb Code     8  it.o(.text)
    delay_1ms                                0x080014e9   Thumb Code    16  it.o(.text)
    TIMER_1000ms                             0x080014f9   Thumb Code     2  it.o(.text)
    TIMER_100ms                              0x080014fb   Thumb Code     2  it.o(.text)
    TIMER_20ms                               0x080014fd   Thumb Code     2  it.o(.text)
    TIMER13_IRQHandler                       0x080014ff   Thumb Code    66  it.o(.text)
    TIMER0_BRK_UP_TRG_COM_IRQHandler         0x08001541   Thumb Code    22  it.o(.text)
    DMA_Channel0_IRQHandler                  0x08001557   Thumb Code    26  it.o(.text)
    DMA_Channel1_2_IRQHandler                0x08001571   Thumb Code    26  it.o(.text)
    DMA_Channel3_4_IRQHandler                0x0800158b   Thumb Code    26  it.o(.text)
    millis                                   0x080015a5   Thumb Code     6  it.o(.text)
    Delay                                    0x080015ab   Thumb Code    20  it.o(.text)
    NMI_Handler                              0x080015bf   Thumb Code     2  it.o(.text)
    HardFault_Handler                        0x080015c1   Thumb Code     4  it.o(.text)
    MemManage_Handler                        0x080015c5   Thumb Code     4  it.o(.text)
    BusFault_Handler                         0x080015c9   Thumb Code     4  it.o(.text)
    UsageFault_Handler                       0x080015cd   Thumb Code     4  it.o(.text)
    SVC_Handler                              0x080015d1   Thumb Code     2  it.o(.text)
    DebugMon_Handler                         0x080015d3   Thumb Code     2  it.o(.text)
    PendSV_Handler                           0x080015d5   Thumb Code     2  it.o(.text)
    SendBuffer                               0x080015fd   Thumb Code    50  comms.o(.text)
    CalcCRC                                  0x0800162f   Thumb Code    62  comms.o(.text)
    SendSteerDevice                          0x0800166d   Thumb Code    58  commssteering.o(.text)
    CheckUSARTSteerInput                     0x080016a7   Thumb Code   114  commssteering.o(.text)
    UpdateUSARTSteerInput                    0x08001719   Thumb Code   118  commssteering.o(.text)
    CheckUSARTMasterSlaveInput               0x080017f5   Thumb Code   118  commsmasterslave.o(.text)
    UpdateUSARTMasterSlaveInput              0x0800186b   Thumb Code    70  commsmasterslave.o(.text)
    SendSlave                                0x080018b1   Thumb Code   226  commsmasterslave.o(.text)
    ButtonTest                               0x080019b5   Thumb Code    46  buttontest.o(.text)
    adc_deinit                               0x080019f5   Thumb Code    20  gd32f1x0_adc.o(.text)
    adc_enable                               0x08001a09   Thumb Code    24  gd32f1x0_adc.o(.text)
    adc_disable                              0x08001a21   Thumb Code    14  gd32f1x0_adc.o(.text)
    adc_calibration_enable                   0x08001a2f   Thumb Code    54  gd32f1x0_adc.o(.text)
    adc_dma_mode_enable                      0x08001a65   Thumb Code    14  gd32f1x0_adc.o(.text)
    adc_dma_mode_disable                     0x08001a73   Thumb Code    14  gd32f1x0_adc.o(.text)
    adc_tempsensor_vrefint_enable            0x08001a81   Thumb Code    14  gd32f1x0_adc.o(.text)
    adc_tempsensor_vrefint_disable           0x08001a8f   Thumb Code    14  gd32f1x0_adc.o(.text)
    adc_vbat_enable                          0x08001a9d   Thumb Code    14  gd32f1x0_adc.o(.text)
    adc_vbat_disable                         0x08001aab   Thumb Code    14  gd32f1x0_adc.o(.text)
    adc_discontinuous_mode_config            0x08001ab9   Thumb Code    94  gd32f1x0_adc.o(.text)
    adc_special_function_config              0x08001b17   Thumb Code   130  gd32f1x0_adc.o(.text)
    adc_data_alignment_config                0x08001b99   Thumb Code    30  gd32f1x0_adc.o(.text)
    adc_channel_length_config                0x08001bb7   Thumb Code    88  gd32f1x0_adc.o(.text)
    adc_regular_channel_config               0x08001c0f   Thumb Code   218  gd32f1x0_adc.o(.text)
    adc_inserted_channel_config              0x08001ce9   Thumb Code   146  gd32f1x0_adc.o(.text)
    adc_inserted_channel_offset_config       0x08001d7b   Thumb Code    42  gd32f1x0_adc.o(.text)
    adc_external_trigger_config              0x08001da5   Thumb Code    88  gd32f1x0_adc.o(.text)
    adc_external_trigger_source_config       0x08001dfd   Thumb Code    60  gd32f1x0_adc.o(.text)
    adc_software_trigger_enable              0x08001e39   Thumb Code    38  gd32f1x0_adc.o(.text)
    adc_regular_data_read                    0x08001e5f   Thumb Code    10  gd32f1x0_adc.o(.text)
    adc_inserted_data_read                   0x08001e69   Thumb Code    60  gd32f1x0_adc.o(.text)
    adc_flag_get                             0x08001ea5   Thumb Code    18  gd32f1x0_adc.o(.text)
    adc_flag_clear                           0x08001eb7   Thumb Code    16  gd32f1x0_adc.o(.text)
    adc_interrupt_flag_get                   0x08001ec7   Thumb Code   108  gd32f1x0_adc.o(.text)
    adc_interrupt_flag_clear                 0x08001f33   Thumb Code    16  gd32f1x0_adc.o(.text)
    adc_interrupt_enable                     0x08001f43   Thumb Code    68  gd32f1x0_adc.o(.text)
    adc_interrupt_disable                    0x08001f87   Thumb Code    68  gd32f1x0_adc.o(.text)
    adc_watchdog_single_channel_enable       0x08001fcb   Thumb Code    40  gd32f1x0_adc.o(.text)
    adc_watchdog_group_channel_enable        0x08001ff3   Thumb Code    92  gd32f1x0_adc.o(.text)
    adc_watchdog_disable                     0x0800204f   Thumb Code    18  gd32f1x0_adc.o(.text)
    adc_watchdog_threshold_config            0x08002061   Thumb Code    12  gd32f1x0_adc.o(.text)
    dma_deinit                               0x08002079   Thumb Code    88  gd32f1x0_dma.o(.text)
    dma_init                                 0x080020d1   Thumb Code   270  gd32f1x0_dma.o(.text)
    dma_circulation_enable                   0x080021df   Thumb Code    30  gd32f1x0_dma.o(.text)
    dma_circulation_disable                  0x080021fd   Thumb Code    30  gd32f1x0_dma.o(.text)
    dma_memory_to_memory_enable              0x0800221b   Thumb Code    30  gd32f1x0_dma.o(.text)
    dma_memory_to_memory_disable             0x08002239   Thumb Code    30  gd32f1x0_dma.o(.text)
    dma_channel_enable                       0x08002257   Thumb Code    30  gd32f1x0_dma.o(.text)
    dma_channel_disable                      0x08002275   Thumb Code    30  gd32f1x0_dma.o(.text)
    dma_periph_address_config                0x08002293   Thumb Code    14  gd32f1x0_dma.o(.text)
    dma_memory_address_config                0x080022a1   Thumb Code    14  gd32f1x0_dma.o(.text)
    dma_transfer_number_config               0x080022af   Thumb Code    14  gd32f1x0_dma.o(.text)
    dma_transfer_number_get                  0x080022bd   Thumb Code    16  gd32f1x0_dma.o(.text)
    dma_priority_config                      0x080022cd   Thumb Code    34  gd32f1x0_dma.o(.text)
    dma_memory_width_config                  0x080022ef   Thumb Code    34  gd32f1x0_dma.o(.text)
    dma_periph_width_config                  0x08002311   Thumb Code    34  gd32f1x0_dma.o(.text)
    dma_memory_increase_enable               0x08002333   Thumb Code    30  gd32f1x0_dma.o(.text)
    dma_memory_increase_disable              0x08002351   Thumb Code    30  gd32f1x0_dma.o(.text)
    dma_periph_increase_enable               0x0800236f   Thumb Code    30  gd32f1x0_dma.o(.text)
    dma_periph_increase_disable              0x0800238d   Thumb Code    30  gd32f1x0_dma.o(.text)
    dma_transfer_direction_config            0x080023ab   Thumb Code    64  gd32f1x0_dma.o(.text)
    dma_interrupt_flag_get                   0x080023eb   Thumb Code   196  gd32f1x0_dma.o(.text)
    dma_interrupt_flag_clear                 0x080024af   Thumb Code    18  gd32f1x0_dma.o(.text)
    dma_interrupt_enable                     0x080024c1   Thumb Code    30  gd32f1x0_dma.o(.text)
    dma_interrupt_disable                    0x080024df   Thumb Code    30  gd32f1x0_dma.o(.text)
    dma_flag_get                             0x080024fd   Thumb Code    26  gd32f1x0_dma.o(.text)
    dma_flag_clear                           0x08002517   Thumb Code    18  gd32f1x0_dma.o(.text)
    fwdgt_write_disable                      0x0800252d   Thumb Code     8  gd32f1x0_fwdgt.o(.text)
    fwdgt_counter_reload                     0x08002535   Thumb Code    10  gd32f1x0_fwdgt.o(.text)
    fwdgt_enable                             0x0800253f   Thumb Code    10  gd32f1x0_fwdgt.o(.text)
    fwdgt_window_value_config                0x08002549   Thumb Code    54  gd32f1x0_fwdgt.o(.text)
    fwdgt_config                             0x0800257f   Thumb Code    94  gd32f1x0_fwdgt.o(.text)
    fwdgt_flag_get                           0x080025dd   Thumb Code    18  gd32f1x0_fwdgt.o(.text)
    gpio_deinit                              0x080025f9   Thumb Code   140  gd32f1x0_gpio.o(.text)
    gpio_mode_set                            0x08002685   Thumb Code    78  gd32f1x0_gpio.o(.text)
    gpio_output_options_set                  0x080026d3   Thumb Code    66  gd32f1x0_gpio.o(.text)
    gpio_bit_set                             0x08002715   Thumb Code     4  gd32f1x0_gpio.o(.text)
    gpio_bit_reset                           0x08002719   Thumb Code     4  gd32f1x0_gpio.o(.text)
    gpio_bit_write                           0x0800271d   Thumb Code    10  gd32f1x0_gpio.o(.text)
    gpio_port_write                          0x08002727   Thumb Code     4  gd32f1x0_gpio.o(.text)
    gpio_input_bit_get                       0x0800272b   Thumb Code    16  gd32f1x0_gpio.o(.text)
    gpio_input_port_get                      0x0800273b   Thumb Code     8  gd32f1x0_gpio.o(.text)
    gpio_output_bit_get                      0x08002743   Thumb Code    16  gd32f1x0_gpio.o(.text)
    gpio_output_port_get                     0x08002753   Thumb Code     8  gd32f1x0_gpio.o(.text)
    gpio_af_set                              0x0800275b   Thumb Code    94  gd32f1x0_gpio.o(.text)
    gpio_pin_lock                            0x080027b9   Thumb Code    18  gd32f1x0_gpio.o(.text)
    i2c_deinit                               0x080027d5   Thumb Code    60  gd32f1x0_i2c.o(.text)
    i2c_clock_config                         0x08002811   Thumb Code   204  gd32f1x0_i2c.o(.text)
    i2c_mode_addr_config                     0x080028dd   Thumb Code    24  gd32f1x0_i2c.o(.text)
    i2c_smbus_type_config                    0x080028f5   Thumb Code    24  gd32f1x0_i2c.o(.text)
    i2c_ack_config                           0x0800290d   Thumb Code    24  gd32f1x0_i2c.o(.text)
    i2c_ackpos_config                        0x08002925   Thumb Code    22  gd32f1x0_i2c.o(.text)
    i2c_master_addressing                    0x0800293b   Thumb Code    20  gd32f1x0_i2c.o(.text)
    i2c_dualaddr_enable                      0x0800294f   Thumb Code    24  gd32f1x0_i2c.o(.text)
    i2c_enable                               0x08002967   Thumb Code    10  gd32f1x0_i2c.o(.text)
    i2c_disable                              0x08002971   Thumb Code    10  gd32f1x0_i2c.o(.text)
    i2c_start_on_bus                         0x0800297b   Thumb Code    10  gd32f1x0_i2c.o(.text)
    i2c_stop_on_bus                          0x08002985   Thumb Code    10  gd32f1x0_i2c.o(.text)
    i2c_data_transmit                        0x0800298f   Thumb Code     6  gd32f1x0_i2c.o(.text)
    i2c_data_receive                         0x08002995   Thumb Code     8  gd32f1x0_i2c.o(.text)
    i2c_dma_enable                           0x0800299d   Thumb Code    16  gd32f1x0_i2c.o(.text)
    i2c_dma_last_transfer_enable             0x080029ad   Thumb Code    16  gd32f1x0_i2c.o(.text)
    i2c_stretch_scl_low_config               0x080029bd   Thumb Code    16  gd32f1x0_i2c.o(.text)
    i2c_slave_response_to_gcall_config       0x080029cd   Thumb Code    16  gd32f1x0_i2c.o(.text)
    i2c_software_reset_config                0x080029dd   Thumb Code    16  gd32f1x0_i2c.o(.text)
    i2c_flag_get                             0x080029ed   Thumb Code    50  gd32f1x0_i2c.o(.text)
    i2c_flag_clear                           0x08002a1f   Thumb Code    18  gd32f1x0_i2c.o(.text)
    i2c_interrupt_enable                     0x08002a31   Thumb Code     8  gd32f1x0_i2c.o(.text)
    i2c_interrupt_disable                    0x08002a39   Thumb Code     8  gd32f1x0_i2c.o(.text)
    i2c_interrupt_flag_get                   0x08002a41   Thumb Code    94  gd32f1x0_i2c.o(.text)
    i2c_interrupt_flag_clear                 0x08002a9f   Thumb Code    18  gd32f1x0_i2c.o(.text)
    i2c_pec_enable                           0x08002ab1   Thumb Code    16  gd32f1x0_i2c.o(.text)
    i2c_pec_transfer_enable                  0x08002ac1   Thumb Code    16  gd32f1x0_i2c.o(.text)
    i2c_pec_value_get                        0x08002ad1   Thumb Code    10  gd32f1x0_i2c.o(.text)
    i2c_smbus_issue_alert                    0x08002adb   Thumb Code    16  gd32f1x0_i2c.o(.text)
    i2c_smbus_arp_enable                     0x08002aeb   Thumb Code    16  gd32f1x0_i2c.o(.text)
    nvic_priority_group_set                  0x08002b0d   Thumb Code    10  gd32f1x0_misc.o(.text)
    nvic_irq_enable                          0x08002b17   Thumb Code   156  gd32f1x0_misc.o(.text)
    nvic_irq_disable                         0x08002bb3   Thumb Code    18  gd32f1x0_misc.o(.text)
    nvic_vector_table_set                    0x08002bc5   Thumb Code    14  gd32f1x0_misc.o(.text)
    system_lowpower_set                      0x08002bd3   Thumb Code    16  gd32f1x0_misc.o(.text)
    system_lowpower_reset                    0x08002be3   Thumb Code    16  gd32f1x0_misc.o(.text)
    systick_clksource_set                    0x08002bf3   Thumb Code    40  gd32f1x0_misc.o(.text)
    rcu_deinit                               0x08002c31   Thumb Code   112  gd32f1x0_rcu.o(.text)
    rcu_periph_clock_enable                  0x08002ca1   Thumb Code    28  gd32f1x0_rcu.o(.text)
    rcu_periph_clock_disable                 0x08002cbd   Thumb Code    28  gd32f1x0_rcu.o(.text)
    rcu_periph_clock_sleep_enable            0x08002cd9   Thumb Code    28  gd32f1x0_rcu.o(.text)
    rcu_periph_clock_sleep_disable           0x08002cf5   Thumb Code    28  gd32f1x0_rcu.o(.text)
    rcu_periph_reset_enable                  0x08002d11   Thumb Code    28  gd32f1x0_rcu.o(.text)
    rcu_periph_reset_disable                 0x08002d2d   Thumb Code    28  gd32f1x0_rcu.o(.text)
    rcu_bkp_reset_enable                     0x08002d49   Thumb Code    14  gd32f1x0_rcu.o(.text)
    rcu_bkp_reset_disable                    0x08002d57   Thumb Code    14  gd32f1x0_rcu.o(.text)
    rcu_system_clock_source_config           0x08002d65   Thumb Code    22  gd32f1x0_rcu.o(.text)
    rcu_system_clock_source_get              0x08002d7b   Thumb Code    10  gd32f1x0_rcu.o(.text)
    rcu_ahb_clock_config                     0x08002d85   Thumb Code    22  gd32f1x0_rcu.o(.text)
    rcu_apb1_clock_config                    0x08002d9b   Thumb Code    22  gd32f1x0_rcu.o(.text)
    rcu_apb2_clock_config                    0x08002db1   Thumb Code    22  gd32f1x0_rcu.o(.text)
    rcu_adc_clock_config                     0x08002dc7   Thumb Code   148  gd32f1x0_rcu.o(.text)
    rcu_usbd_clock_config                    0x08002e5b   Thumb Code    22  gd32f1x0_rcu.o(.text)
    rcu_ckout_config                         0x08002e71   Thumb Code    24  gd32f1x0_rcu.o(.text)
    rcu_pll_config                           0x08002e89   Thumb Code    28  gd32f1x0_rcu.o(.text)
    rcu_usart_clock_config                   0x08002ea5   Thumb Code    22  gd32f1x0_rcu.o(.text)
    rcu_cec_clock_config                     0x08002ebb   Thumb Code    22  gd32f1x0_rcu.o(.text)
    rcu_rtc_clock_config                     0x08002ed1   Thumb Code    22  gd32f1x0_rcu.o(.text)
    rcu_hxtal_prediv_config                  0x08002ee7   Thumb Code    20  gd32f1x0_rcu.o(.text)
    rcu_lxtal_drive_capability_config        0x08002efb   Thumb Code    22  gd32f1x0_rcu.o(.text)
    rcu_flag_get                             0x08002f11   Thumb Code    30  gd32f1x0_rcu.o(.text)
    rcu_all_reset_flag_clear                 0x08002f2f   Thumb Code    14  gd32f1x0_rcu.o(.text)
    rcu_interrupt_flag_get                   0x08002f3d   Thumb Code    18  gd32f1x0_rcu.o(.text)
    rcu_interrupt_flag_clear                 0x08002f4f   Thumb Code    12  gd32f1x0_rcu.o(.text)
    rcu_interrupt_enable                     0x08002f5b   Thumb Code    12  gd32f1x0_rcu.o(.text)
    rcu_interrupt_disable                    0x08002f67   Thumb Code    12  gd32f1x0_rcu.o(.text)
    rcu_osci_stab_wait                       0x08002f73   Thumb Code   284  gd32f1x0_rcu.o(.text)
    rcu_osci_on                              0x0800308f   Thumb Code    28  gd32f1x0_rcu.o(.text)
    rcu_osci_off                             0x080030ab   Thumb Code    28  gd32f1x0_rcu.o(.text)
    rcu_osci_bypass_mode_enable              0x080030c7   Thumb Code    94  gd32f1x0_rcu.o(.text)
    rcu_osci_bypass_mode_disable             0x08003125   Thumb Code    94  gd32f1x0_rcu.o(.text)
    rcu_hxtal_clock_monitor_enable           0x08003183   Thumb Code    14  gd32f1x0_rcu.o(.text)
    rcu_hxtal_clock_monitor_disable          0x08003191   Thumb Code    14  gd32f1x0_rcu.o(.text)
    rcu_irc8m_adjust_value_set               0x0800319f   Thumb Code    20  gd32f1x0_rcu.o(.text)
    rcu_irc14m_adjust_value_set              0x080031b3   Thumb Code    20  gd32f1x0_rcu.o(.text)
    rcu_voltage_key_unlock                   0x080031c7   Thumb Code    28  gd32f1x0_rcu.o(.text)
    rcu_deepsleep_voltage_set                0x080031e3   Thumb Code    30  gd32f1x0_rcu.o(.text)
    rcu_power_down_voltage_set               0x08003201   Thumb Code    30  gd32f1x0_rcu.o(.text)
    rcu_clock_freq_get                       0x0800321f   Thumb Code   690  gd32f1x0_rcu.o(.text)
    timer_deinit                             0x080034d9   Thumb Code   210  gd32f1x0_timer.o(.text)
    timer_init                               0x080035ab   Thumb Code   126  gd32f1x0_timer.o(.text)
    timer_enable                             0x08003629   Thumb Code    10  gd32f1x0_timer.o(.text)
    timer_disable                            0x08003633   Thumb Code    10  gd32f1x0_timer.o(.text)
    timer_auto_reload_shadow_enable          0x0800363d   Thumb Code    10  gd32f1x0_timer.o(.text)
    timer_auto_reload_shadow_disable         0x08003647   Thumb Code    10  gd32f1x0_timer.o(.text)
    timer_update_event_enable                0x08003651   Thumb Code    10  gd32f1x0_timer.o(.text)
    timer_update_event_disable               0x0800365b   Thumb Code    10  gd32f1x0_timer.o(.text)
    timer_counter_alignment                  0x08003665   Thumb Code    16  gd32f1x0_timer.o(.text)
    timer_counter_up_direction               0x08003675   Thumb Code    14  gd32f1x0_timer.o(.text)
    timer_counter_down_direction             0x08003683   Thumb Code    18  gd32f1x0_timer.o(.text)
    timer_prescaler_config                   0x08003695   Thumb Code    14  gd32f1x0_timer.o(.text)
    timer_repetition_value_config            0x080036a3   Thumb Code     4  gd32f1x0_timer.o(.text)
    timer_autoreload_value_config            0x080036a7   Thumb Code     4  gd32f1x0_timer.o(.text)
    timer_counter_value_config               0x080036ab   Thumb Code     4  gd32f1x0_timer.o(.text)
    timer_counter_read                       0x080036af   Thumb Code     8  gd32f1x0_timer.o(.text)
    timer_prescaler_read                     0x080036b7   Thumb Code    10  gd32f1x0_timer.o(.text)
    timer_single_pulse_mode_config           0x080036c1   Thumb Code    26  gd32f1x0_timer.o(.text)
    timer_update_source_config               0x080036db   Thumb Code    26  gd32f1x0_timer.o(.text)
    timer_interrupt_enable                   0x080036f5   Thumb Code     8  gd32f1x0_timer.o(.text)
    timer_interrupt_disable                  0x080036fd   Thumb Code     8  gd32f1x0_timer.o(.text)
    timer_interrupt_flag_get                 0x08003705   Thumb Code    32  gd32f1x0_timer.o(.text)
    timer_interrupt_flag_clear               0x08003725   Thumb Code     8  gd32f1x0_timer.o(.text)
    timer_flag_get                           0x0800372d   Thumb Code    18  gd32f1x0_timer.o(.text)
    timer_flag_clear                         0x0800373f   Thumb Code     8  gd32f1x0_timer.o(.text)
    timer_dma_enable                         0x08003747   Thumb Code     8  gd32f1x0_timer.o(.text)
    timer_dma_disable                        0x0800374f   Thumb Code     8  gd32f1x0_timer.o(.text)
    timer_channel_dma_request_source_select  0x08003757   Thumb Code    26  gd32f1x0_timer.o(.text)
    timer_dma_transfer_config                0x08003771   Thumb Code    24  gd32f1x0_timer.o(.text)
    timer_event_software_generate            0x08003789   Thumb Code     8  gd32f1x0_timer.o(.text)
    timer_break_config                       0x08003791   Thumb Code    30  gd32f1x0_timer.o(.text)
    timer_break_enable                       0x080037af   Thumb Code    10  gd32f1x0_timer.o(.text)
    timer_break_disable                      0x080037b9   Thumb Code     8  gd32f1x0_timer.o(.text)
    timer_automatic_output_enable            0x080037c1   Thumb Code    10  gd32f1x0_timer.o(.text)
    timer_automatic_output_disable           0x080037cb   Thumb Code     8  gd32f1x0_timer.o(.text)
    timer_primary_output_config              0x080037d3   Thumb Code    22  gd32f1x0_timer.o(.text)
    timer_channel_control_shadow_config      0x080037e9   Thumb Code    22  gd32f1x0_timer.o(.text)
    timer_channel_control_shadow_update_config 0x080037ff   Thumb Code    26  gd32f1x0_timer.o(.text)
    timer_channel_output_config              0x08003819   Thumb Code   472  gd32f1x0_timer.o(.text)
    timer_channel_output_mode_config         0x080039f1   Thumb Code    90  gd32f1x0_timer.o(.text)
    timer_channel_output_pulse_value_config  0x08003a4b   Thumb Code    38  gd32f1x0_timer.o(.text)
    timer_channel_output_shadow_config       0x08003a71   Thumb Code    90  gd32f1x0_timer.o(.text)
    timer_channel_output_fast_config         0x08003acb   Thumb Code    90  gd32f1x0_timer.o(.text)
    timer_channel_output_clear_config        0x08003b25   Thumb Code    90  gd32f1x0_timer.o(.text)
    timer_channel_output_polarity_config     0x08003b7f   Thumb Code    92  gd32f1x0_timer.o(.text)
    timer_channel_complementary_output_polarity_config 0x08003bdb   Thumb Code    70  gd32f1x0_timer.o(.text)
    timer_ocpre_clear_source_config          0x08003c21   Thumb Code    26  gd32f1x0_timer.o(.text)
    timer_channel_output_state_config        0x08003c3b   Thumb Code    92  gd32f1x0_timer.o(.text)
    timer_channel_complementary_output_state_config 0x08003c97   Thumb Code    70  gd32f1x0_timer.o(.text)
    timer_channel_input_capture_prescaler_config 0x08003cdd   Thumb Code    90  gd32f1x0_timer.o(.text)
    timer_input_capture_config               0x08003d37   Thumb Code   332  gd32f1x0_timer.o(.text)
    timer_channel_capture_value_register_read 0x08003e83   Thumb Code    42  gd32f1x0_timer.o(.text)
    timer_input_pwm_capture_config           0x08003ead   Thumb Code   352  gd32f1x0_timer.o(.text)
    timer_hall_mode_config                   0x0800400d   Thumb Code    26  gd32f1x0_timer.o(.text)
    timer_input_trigger_source_select        0x08004027   Thumb Code    16  gd32f1x0_timer.o(.text)
    timer_master_output_trigger_source_select 0x08004037   Thumb Code    16  gd32f1x0_timer.o(.text)
    timer_slave_mode_select                  0x08004047   Thumb Code    16  gd32f1x0_timer.o(.text)
    timer_master_slave_mode_config           0x08004057   Thumb Code    26  gd32f1x0_timer.o(.text)
    timer_external_trigger_config            0x08004071   Thumb Code    30  gd32f1x0_timer.o(.text)
    timer_quadrature_decoder_mode_config     0x0800408f   Thumb Code    64  gd32f1x0_timer.o(.text)
    timer_internal_clock_config              0x080040cf   Thumb Code     8  gd32f1x0_timer.o(.text)
    timer_internal_trigger_as_external_clock_config 0x080040d7   Thumb Code    32  gd32f1x0_timer.o(.text)
    timer_external_trigger_as_external_clock_config 0x080040f7   Thumb Code   164  gd32f1x0_timer.o(.text)
    timer_external_clock_mode0_config        0x0800419b   Thumb Code    56  gd32f1x0_timer.o(.text)
    timer_external_clock_mode1_config        0x080041d3   Thumb Code    32  gd32f1x0_timer.o(.text)
    timer_external_clock_mode1_disable       0x080041f3   Thumb Code    10  gd32f1x0_timer.o(.text)
    timer_channel_remap_config               0x080041fd   Thumb Code     6  gd32f1x0_timer.o(.text)
    usart_deinit                             0x08004205   Thumb Code    58  gd32f1x0_usart.o(.text)
    usart_baudrate_set                       0x0800423f   Thumb Code   120  gd32f1x0_usart.o(.text)
    usart_parity_config                      0x080042b7   Thumb Code    24  gd32f1x0_usart.o(.text)
    usart_word_length_set                    0x080042cf   Thumb Code    24  gd32f1x0_usart.o(.text)
    usart_stop_bit_set                       0x080042e7   Thumb Code    24  gd32f1x0_usart.o(.text)
    usart_enable                             0x080042ff   Thumb Code    10  gd32f1x0_usart.o(.text)
    usart_disable                            0x08004309   Thumb Code    10  gd32f1x0_usart.o(.text)
    usart_transmit_config                    0x08004313   Thumb Code    16  gd32f1x0_usart.o(.text)
    usart_receive_config                     0x08004323   Thumb Code    16  gd32f1x0_usart.o(.text)
    usart_data_transmit                      0x08004333   Thumb Code     8  gd32f1x0_usart.o(.text)
    usart_data_receive                       0x0800433b   Thumb Code    10  gd32f1x0_usart.o(.text)
    usart_data_first_config                  0x08004345   Thumb Code    28  gd32f1x0_usart.o(.text)
    usart_invert_config                      0x08004361   Thumb Code   110  gd32f1x0_usart.o(.text)
    usart_overrun_enable                     0x080043cf   Thumb Code    18  gd32f1x0_usart.o(.text)
    usart_overrun_disable                    0x080043e1   Thumb Code    18  gd32f1x0_usart.o(.text)
    usart_oversample_config                  0x080043f3   Thumb Code    24  gd32f1x0_usart.o(.text)
    usart_sample_bit_config                  0x0800440b   Thumb Code    24  gd32f1x0_usart.o(.text)
    usart_autobaud_detection_enable          0x08004423   Thumb Code    10  gd32f1x0_usart.o(.text)
    usart_autobaud_detection_disable         0x0800442d   Thumb Code    10  gd32f1x0_usart.o(.text)
    usart_autobaud_detection_mode_config     0x08004437   Thumb Code    16  gd32f1x0_usart.o(.text)
    usart_mute_mode_enable                   0x08004447   Thumb Code    10  gd32f1x0_usart.o(.text)
    usart_mute_mode_disable                  0x08004451   Thumb Code    10  gd32f1x0_usart.o(.text)
    usart_mute_mode_wakeup_config            0x0800445b   Thumb Code    24  gd32f1x0_usart.o(.text)
    usart_address_detection_mode_config      0x08004473   Thumb Code    28  gd32f1x0_usart.o(.text)
    usart_address_config                     0x0800448f   Thumb Code    32  gd32f1x0_usart.o(.text)
    usart_receiver_timeout_enable            0x080044af   Thumb Code    10  gd32f1x0_usart.o(.text)
    usart_receiver_timeout_disable           0x080044b9   Thumb Code    10  gd32f1x0_usart.o(.text)
    usart_receiver_timeout_config            0x080044c3   Thumb Code    16  gd32f1x0_usart.o(.text)
    usart_lin_mode_enable                    0x080044d3   Thumb Code    18  gd32f1x0_usart.o(.text)
    usart_lin_mode_disable                   0x080044e5   Thumb Code    18  gd32f1x0_usart.o(.text)
    usart_lin_break_dection_length_config    0x080044f7   Thumb Code    20  gd32f1x0_usart.o(.text)
    usart_halfduplex_enable                  0x0800450b   Thumb Code    18  gd32f1x0_usart.o(.text)
    usart_halfduplex_disable                 0x0800451d   Thumb Code    18  gd32f1x0_usart.o(.text)
    usart_clock_enable                       0x0800452f   Thumb Code    18  gd32f1x0_usart.o(.text)
    usart_clock_disable                      0x08004541   Thumb Code    18  gd32f1x0_usart.o(.text)
    usart_synchronous_clock_config           0x08004553   Thumb Code    50  gd32f1x0_usart.o(.text)
    usart_smartcard_mode_enable              0x08004585   Thumb Code    18  gd32f1x0_usart.o(.text)
    usart_smartcard_mode_disable             0x08004597   Thumb Code    18  gd32f1x0_usart.o(.text)
    usart_smartcard_mode_nack_enable         0x080045a9   Thumb Code    18  gd32f1x0_usart.o(.text)
    usart_smartcard_mode_nack_disable        0x080045bb   Thumb Code    18  gd32f1x0_usart.o(.text)
    usart_guard_time_config                  0x080045cd   Thumb Code    36  gd32f1x0_usart.o(.text)
    usart_block_length_config                0x080045f1   Thumb Code    24  gd32f1x0_usart.o(.text)
    usart_smartcard_autoretry_config         0x08004609   Thumb Code    32  gd32f1x0_usart.o(.text)
    usart_irda_mode_enable                   0x08004629   Thumb Code    18  gd32f1x0_usart.o(.text)
    usart_irda_mode_disable                  0x0800463b   Thumb Code    18  gd32f1x0_usart.o(.text)
    usart_irda_lowpower_config               0x0800464d   Thumb Code    20  gd32f1x0_usart.o(.text)
    usart_prescaler_config                   0x08004661   Thumb Code    24  gd32f1x0_usart.o(.text)
    usart_hardware_flow_rts_config           0x08004679   Thumb Code    24  gd32f1x0_usart.o(.text)
    usart_hardware_flow_cts_config           0x08004691   Thumb Code    24  gd32f1x0_usart.o(.text)
    usart_rs485_driver_enable                0x080046a9   Thumb Code    18  gd32f1x0_usart.o(.text)
    usart_rs485_driver_disable               0x080046bb   Thumb Code    18  gd32f1x0_usart.o(.text)
    usart_driver_assertime_config            0x080046cd   Thumb Code    32  gd32f1x0_usart.o(.text)
    usart_driver_deassertime_config          0x080046ed   Thumb Code    32  gd32f1x0_usart.o(.text)
    usart_depolarity_config                  0x0800470d   Thumb Code    28  gd32f1x0_usart.o(.text)
    usart_dma_receive_config                 0x08004729   Thumb Code    16  gd32f1x0_usart.o(.text)
    usart_dma_transmit_config                0x08004739   Thumb Code    16  gd32f1x0_usart.o(.text)
    usart_reception_error_dma_disable        0x08004749   Thumb Code    18  gd32f1x0_usart.o(.text)
    usart_reception_error_dma_enable         0x0800475b   Thumb Code    18  gd32f1x0_usart.o(.text)
    usart_wakeup_enable                      0x0800476d   Thumb Code    10  gd32f1x0_usart.o(.text)
    usart_wakeup_disable                     0x08004777   Thumb Code    10  gd32f1x0_usart.o(.text)
    usart_wakeup_mode_config                 0x08004781   Thumb Code    28  gd32f1x0_usart.o(.text)
    usart_flag_get                           0x0800479d   Thumb Code    30  gd32f1x0_usart.o(.text)
    usart_flag_clear                         0x080047bb   Thumb Code    18  gd32f1x0_usart.o(.text)
    usart_interrupt_enable                   0x080047cd   Thumb Code    26  gd32f1x0_usart.o(.text)
    usart_interrupt_disable                  0x080047e7   Thumb Code    26  gd32f1x0_usart.o(.text)
    usart_command_enable                     0x08004801   Thumb Code     8  gd32f1x0_usart.o(.text)
    usart_interrupt_flag_get                 0x08004809   Thumb Code    56  gd32f1x0_usart.o(.text)
    usart_interrupt_flag_clear               0x08004841   Thumb Code    18  gd32f1x0_usart.o(.text)
    Reset_Handler                            0x08004855   Thumb Code     8  startup_gd32f1x0.o(.text)
    ADC_CMP_IRQHandler                       0x0800486f   Thumb Code     0  startup_gd32f1x0.o(.text)
    CAN0_RX0_IRQHandler                      0x0800486f   Thumb Code     0  startup_gd32f1x0.o(.text)
    CAN0_RX1_IRQHandler                      0x0800486f   Thumb Code     0  startup_gd32f1x0.o(.text)
    CAN0_SCE_IRQHandler                      0x0800486f   Thumb Code     0  startup_gd32f1x0.o(.text)
    CAN0_TX_IRQHandler                       0x0800486f   Thumb Code     0  startup_gd32f1x0.o(.text)
    CAN1_RX0_IRQHandler                      0x0800486f   Thumb Code     0  startup_gd32f1x0.o(.text)
    CAN1_RX1_IRQHandler                      0x0800486f   Thumb Code     0  startup_gd32f1x0.o(.text)
    CAN1_SCE_IRQHandler                      0x0800486f   Thumb Code     0  startup_gd32f1x0.o(.text)
    CAN1_TX_IRQHandler                       0x0800486f   Thumb Code     0  startup_gd32f1x0.o(.text)
    CEC_IRQHandler                           0x0800486f   Thumb Code     0  startup_gd32f1x0.o(.text)
    DMA_Channel5_6_IRQHandler                0x0800486f   Thumb Code     0  startup_gd32f1x0.o(.text)
    EXTI0_1_IRQHandler                       0x0800486f   Thumb Code     0  startup_gd32f1x0.o(.text)
    EXTI2_3_IRQHandler                       0x0800486f   Thumb Code     0  startup_gd32f1x0.o(.text)
    EXTI4_15_IRQHandler                      0x0800486f   Thumb Code     0  startup_gd32f1x0.o(.text)
    FMC_IRQHandler                           0x0800486f   Thumb Code     0  startup_gd32f1x0.o(.text)
    I2C0_ER_IRQHandler                       0x0800486f   Thumb Code     0  startup_gd32f1x0.o(.text)
    I2C0_EV_IRQHandler                       0x0800486f   Thumb Code     0  startup_gd32f1x0.o(.text)
    I2C1_ER_IRQHandler                       0x0800486f   Thumb Code     0  startup_gd32f1x0.o(.text)
    I2C1_EV_IRQHandler                       0x0800486f   Thumb Code     0  startup_gd32f1x0.o(.text)
    I2C2_ER_IRQHandler                       0x0800486f   Thumb Code     0  startup_gd32f1x0.o(.text)
    I2C2_EV_IRQHandler                       0x0800486f   Thumb Code     0  startup_gd32f1x0.o(.text)
    LVD_IRQHandler                           0x0800486f   Thumb Code     0  startup_gd32f1x0.o(.text)
    RCU_IRQHandler                           0x0800486f   Thumb Code     0  startup_gd32f1x0.o(.text)
    RTC_IRQHandler                           0x0800486f   Thumb Code     0  startup_gd32f1x0.o(.text)
    SLCD_IRQHandler                          0x0800486f   Thumb Code     0  startup_gd32f1x0.o(.text)
    SPI0_IRQHandler                          0x0800486f   Thumb Code     0  startup_gd32f1x0.o(.text)
    SPI1_IRQHandler                          0x0800486f   Thumb Code     0  startup_gd32f1x0.o(.text)
    SPI2_IRQHandler                          0x0800486f   Thumb Code     0  startup_gd32f1x0.o(.text)
    TIMER0_Channel_IRQHandler                0x0800486f   Thumb Code     0  startup_gd32f1x0.o(.text)
    TIMER14_IRQHandler                       0x0800486f   Thumb Code     0  startup_gd32f1x0.o(.text)
    TIMER15_IRQHandler                       0x0800486f   Thumb Code     0  startup_gd32f1x0.o(.text)
    TIMER16_IRQHandler                       0x0800486f   Thumb Code     0  startup_gd32f1x0.o(.text)
    TIMER1_IRQHandler                        0x0800486f   Thumb Code     0  startup_gd32f1x0.o(.text)
    TIMER2_IRQHandler                        0x0800486f   Thumb Code     0  startup_gd32f1x0.o(.text)
    TIMER5_DAC_IRQHandler                    0x0800486f   Thumb Code     0  startup_gd32f1x0.o(.text)
    TSI_IRQHandler                           0x0800486f   Thumb Code     0  startup_gd32f1x0.o(.text)
    USART0_IRQHandler                        0x0800486f   Thumb Code     0  startup_gd32f1x0.o(.text)
    USART1_IRQHandler                        0x0800486f   Thumb Code     0  startup_gd32f1x0.o(.text)
    USBDWakeUp_IRQHandler                    0x0800486f   Thumb Code     0  startup_gd32f1x0.o(.text)
    USBD_HP_IRQHandler                       0x0800486f   Thumb Code     0  startup_gd32f1x0.o(.text)
    USBD_LP_IRQHandler                       0x0800486f   Thumb Code     0  startup_gd32f1x0.o(.text)
    WWDGT_IRQHandler                         0x0800486f   Thumb Code     0  startup_gd32f1x0.o(.text)
    __user_initial_stackheap                 0x08004871   Thumb Code    10  startup_gd32f1x0.o(.text)
    SystemInit                               0x08004907   Thumb Code   118  system_gd32f1x0.o(.text)
    SystemCoreClockUpdate                    0x0800497d   Thumb Code   208  system_gd32f1x0.o(.text)
    __2sprintf                               0x08004a81   Thumb Code    34  noretval__2sprintf.o(.text)
    _printf_pre_padding                      0x08004aa9   Thumb Code    44  _printf_pad.o(.text)
    _printf_post_padding                     0x08004ad5   Thumb Code    34  _printf_pad.o(.text)
    __printf                                 0x08004af7   Thumb Code   270  __printf_wp.o(.text)
    __aeabi_memcpy4                          0x08004c05   Thumb Code     0  rt_memcpy_w.o(.text)
    __aeabi_memcpy8                          0x08004c05   Thumb Code     0  rt_memcpy_w.o(.text)
    __rt_memcpy_w                            0x08004c05   Thumb Code   100  rt_memcpy_w.o(.text)
    _memcpy_lastbytes_aligned                0x08004c4d   Thumb Code     0  rt_memcpy_w.o(.text)
    __use_two_region_memory                  0x08004c69   Thumb Code     2  heapauxi.o(.text)
    __rt_heap_escrow$2region                 0x08004c6b   Thumb Code     2  heapauxi.o(.text)
    __rt_heap_expand$2region                 0x08004c6d   Thumb Code     2  heapauxi.o(.text)
    __lib_sel_fp_printf                      0x08004c6f   Thumb Code     2  _printf_fp_dec.o(.text)
    _printf_fp_dec_real                      0x08004e21   Thumb Code   620  _printf_fp_dec.o(.text)
    _printf_char_common                      0x08005097   Thumb Code    32  _printf_char_common.o(.text)
    _sputc                                   0x080050bd   Thumb Code    10  _sputc.o(.text)
    __rt_locale                              0x080050c9   Thumb Code     8  rt_locale_intlibspace.o(.text)
    _ll_udiv10                               0x080050d1   Thumb Code   138  lludiv10.o(.text)
    _printf_fp_infnan                        0x0800515d   Thumb Code   112  _printf_fp_infnan.o(.text)
    _btod_etento                             0x080051dd   Thumb Code   224  bigflt0.o(.text)
    __user_libspace                          0x080052c1   Thumb Code     8  libspace.o(.text)
    __user_perproc_libspace                  0x080052c1   Thumb Code     0  libspace.o(.text)
    __user_perthread_libspace                0x080052c1   Thumb Code     0  libspace.o(.text)
    __user_setup_stackheap                   0x080052c9   Thumb Code    74  sys_stackheap_outer.o(.text)
    exit                                     0x08005313   Thumb Code    18  exit.o(.text)
    strcmp                                   0x08005325   Thumb Code   128  strcmpv7m.o(.text)
    _sys_exit                                0x080053a5   Thumb Code     8  sys_exit.o(.text)
    __I$use$semihosting                      0x080053b1   Thumb Code     0  use_no_semi.o(.text)
    __use_no_semihosting_swi                 0x080053b1   Thumb Code     2  use_no_semi.o(.text)
    __semihosting_library_function           0x080053b3   Thumb Code     0  indicate_semi.o(.text)
    _btod_d2e                                0x080053b3   Thumb Code    62  btod.o(CL$$btod_d2e)
    _d2e_denorm_low                          0x080053f1   Thumb Code    70  btod.o(CL$$btod_d2e_denorm_low)
    _d2e_norm_op1                            0x08005437   Thumb Code    96  btod.o(CL$$btod_d2e_norm_op1)
    __btod_div_common                        0x08005497   Thumb Code   696  btod.o(CL$$btod_div_common)
    _e2e                                     0x080057cf   Thumb Code   220  btod.o(CL$$btod_e2e)
    _btod_ediv                               0x080058ab   Thumb Code    42  btod.o(CL$$btod_ediv)
    _btod_emul                               0x080058d5   Thumb Code    42  btod.o(CL$$btod_emul)
    __btod_mult_common                       0x080058ff   Thumb Code   580  btod.o(CL$$btod_mult_common)
    __ARM_fpclassify                         0x08005b43   Thumb Code    40  fpclassify.o(i.__ARM_fpclassify)
    _is_digit                                0x08005b6b   Thumb Code    14  __printf_wp.o(i._is_digit)
    blockPWM                                 0x08005b79   Thumb Code   106  bldc.o(i.blockPWM)
    _get_lc_numeric                          0x08005be5   Thumb Code    44  lc_numeric_c.o(locale$$code)
    __aeabi_d2f                              0x08005c11   Thumb Code     0  d2f.o(x$fpl$d2f)
    _d2f                                     0x08005c11   Thumb Code    98  d2f.o(x$fpl$d2f)
    __aeabi_dadd                             0x08005c75   Thumb Code     0  daddsub_clz.o(x$fpl$dadd)
    _dadd                                    0x08005c75   Thumb Code   332  daddsub_clz.o(x$fpl$dadd)
    __fpl_dcmp_Inf                           0x08005dc5   Thumb Code    24  dcmpi.o(x$fpl$dcmpinf)
    __aeabi_ddiv                             0x08005ddd   Thumb Code     0  ddiv.o(x$fpl$ddiv)
    _ddiv                                    0x08005ddd   Thumb Code   552  ddiv.o(x$fpl$ddiv)
    __aeabi_i2d                              0x0800608d   Thumb Code     0  dflt_clz.o(x$fpl$dflt)
    _dflt                                    0x0800608d   Thumb Code    46  dflt_clz.o(x$fpl$dflt)
    __aeabi_cdcmple                          0x080060bd   Thumb Code     0  dleqf.o(x$fpl$dleqf)
    _dcmple                                  0x080060bd   Thumb Code   120  dleqf.o(x$fpl$dleqf)
    __fpl_dcmple_InfNaN                      0x0800611f   Thumb Code     0  dleqf.o(x$fpl$dleqf)
    __aeabi_dmul                             0x08006135   Thumb Code     0  dmul.o(x$fpl$dmul)
    _dmul                                    0x08006135   Thumb Code   332  dmul.o(x$fpl$dmul)
    __fpl_dnaninf                            0x08006289   Thumb Code   156  dnaninf.o(x$fpl$dnaninf)
    __fpl_dretinf                            0x08006325   Thumb Code    12  dretinf.o(x$fpl$dretinf)
    __aeabi_cdrcmple                         0x08006331   Thumb Code     0  drleqf.o(x$fpl$drleqf)
    _drcmple                                 0x08006331   Thumb Code   108  drleqf.o(x$fpl$drleqf)
    __aeabi_dsub                             0x0800639d   Thumb Code     0  daddsub_clz.o(x$fpl$dsub)
    _dsub                                    0x0800639d   Thumb Code   464  daddsub_clz.o(x$fpl$dsub)
    __aeabi_f2d                              0x08006571   Thumb Code     0  f2d.o(x$fpl$f2d)
    _f2d                                     0x08006571   Thumb Code    86  f2d.o(x$fpl$f2d)
    __aeabi_fadd                             0x080065c9   Thumb Code     0  faddsub_clz.o(x$fpl$fadd)
    _fadd                                    0x080065c9   Thumb Code   196  faddsub_clz.o(x$fpl$fadd)
    __fpl_fcmp_Inf                           0x0800668d   Thumb Code    24  fcmpi.o(x$fpl$fcmpinf)
    __aeabi_fdiv                             0x080066a5   Thumb Code     0  fdiv.o(x$fpl$fdiv)
    _fdiv                                    0x080066a5   Thumb Code   384  fdiv.o(x$fpl$fdiv)
    __aeabi_f2iz                             0x08006829   Thumb Code     0  ffix.o(x$fpl$ffix)
    _ffix                                    0x08006829   Thumb Code    54  ffix.o(x$fpl$ffix)
    __aeabi_f2uiz                            0x08006861   Thumb Code     0  ffixu.o(x$fpl$ffixu)
    _ffixu                                   0x08006861   Thumb Code    62  ffixu.o(x$fpl$ffixu)
    __aeabi_i2f                              0x080068a1   Thumb Code     0  fflt_clz.o(x$fpl$fflt)
    _fflt                                    0x080068a1   Thumb Code    48  fflt_clz.o(x$fpl$fflt)
    __aeabi_ui2f                             0x080068d1   Thumb Code     0  fflt_clz.o(x$fpl$ffltu)
    _ffltu                                   0x080068d1   Thumb Code    38  fflt_clz.o(x$fpl$ffltu)
    __aeabi_cfcmple                          0x080068f9   Thumb Code     0  fleqf.o(x$fpl$fleqf)
    _fcmple                                  0x080068f9   Thumb Code   104  fleqf.o(x$fpl$fleqf)
    __fpl_fcmple_InfNaN                      0x0800694b   Thumb Code     0  fleqf.o(x$fpl$fleqf)
    __aeabi_fmul                             0x08006961   Thumb Code     0  fmul.o(x$fpl$fmul)
    _fmul                                    0x08006961   Thumb Code   258  fmul.o(x$fpl$fmul)
    __fpl_fnaninf                            0x08006a63   Thumb Code   140  fnaninf.o(x$fpl$fnaninf)
    __fpl_fretinf                            0x08006aef   Thumb Code    10  fretinf.o(x$fpl$fretinf)
    __aeabi_cfrcmple                         0x08006af9   Thumb Code     0  frleqf.o(x$fpl$frleqf)
    _frcmple                                 0x08006af9   Thumb Code    98  frleqf.o(x$fpl$frleqf)
    __aeabi_fsub                             0x08006b5d   Thumb Code     0  faddsub_clz.o(x$fpl$fsub)
    _fsub                                    0x08006b5d   Thumb Code   234  faddsub_clz.o(x$fpl$fsub)
    _printf_fp_dec                           0x08006c47   Thumb Code     4  printf1.o(x$fpl$printf1)
    __I$use$fp                               0x08006c4a   Number         0  usenofp.o(x$fpl$usenofp)
    lookUpTableAngle                         0x08006c4c   Data         724  main.o(.constdata)
    pwm_res                                  0x08006f20   Data           2  bldc.o(.constdata)
    hall_to_pos                              0x08006f22   Data           8  bldc.o(.constdata)
    Region$$Table$$Base                      0x08006fc0   Number         0  anon$$obj.o(Region$$Table)
    Region$$Table$$Limit                     0x08006fe0   Number         0  anon$$obj.o(Region$$Table)
    steer                                    0x20000000   Data           4  main.o(.data)
    speed                                    0x20000004   Data           4  main.o(.data)
    activateWeakening                        0x20000008   Data           1  main.o(.data)
    beepsBackwards                           0x20000009   Data           1  main.o(.data)
    batteryState                             0x2000000a   Data           2  main.o(.data)
    slaveError                               0x2000000c   Data           1  main.o(.data)
    inactivity_timeout_counter               0x20000010   Data           4  main.o(.data)
    steerCounter                             0x20000014   Data           4  main.o(.data)
    logImuArrayCurrentIndex                  0x20000018   Data           2  main.o(.data)
    pitchAngle                               0x2000001c   Data           4  main.o(.data)
    rollAngle                                0x20000020   Data           4  main.o(.data)
    yawAngle                                 0x20000024   Data           4  main.o(.data)
    recordAccelerometerLog                   0x20000028   Data           1  main.o(.data)
    printAccelerometerLog                    0x20000029   Data           1  main.o(.data)
    batteryVoltage                           0x2000002c   Data           4  bldc.o(.data)
    currentDC                                0x20000030   Data           4  bldc.o(.data)
    realSpeed                                0x20000034   Data           4  bldc.o(.data)
    bldc_inputFilterPwm                      0x20000038   Data           2  bldc.o(.data)
    bldc_enable                              0x2000003a   Data           1  bldc.o(.data)
    adc_buffer                               0x2000003c   Data           4  bldc.o(.data)
    hall_a                                   0x20000040   Data           1  bldc.o(.data)
    hall_b                                   0x20000041   Data           1  bldc.o(.data)
    hall_c                                   0x20000042   Data           1  bldc.o(.data)
    hall                                     0x20000043   Data           1  bldc.o(.data)
    pos                                      0x20000044   Data           1  bldc.o(.data)
    lastPos                                  0x20000045   Data           1  bldc.o(.data)
    bldc_outputFilterPwm                     0x20000046   Data           2  bldc.o(.data)
    filter_reg                               0x20000048   Data           4  bldc.o(.data)
    buzzerToggle                             0x2000004c   Data           1  bldc.o(.data)
    buzzerFreq                               0x2000004d   Data           1  bldc.o(.data)
    buzzerPattern                            0x2000004e   Data           1  bldc.o(.data)
    buzzerTimer                              0x20000050   Data           2  bldc.o(.data)
    offsetcount                              0x20000052   Data           2  bldc.o(.data)
    offsetdc                                 0x20000054   Data           2  bldc.o(.data)
    speedCounter                             0x20000058   Data           4  bldc.o(.data)
    usartMasterSlave_rx_buf                  0x2000005c   Data           1  setup.o(.data)
    usartSteer_COM_rx_buf                    0x2000005d   Data           1  setup.o(.data)
    msTicks                                  0x20000060   Data           4  it.o(.data)
    timeoutCounter_ms                        0x20000064   Data           4  it.o(.data)
    timedOut                                 0x20000068   Data           1  it.o(.data)
    testes1                                  0x2000007c   Data           4  commssteering.o(.data)
    testes2                                  0x20000080   Data           4  commssteering.o(.data)
    testes3                                  0x20000084   Data           4  commssteering.o(.data)
    testes4                                  0x20000088   Data           4  commssteering.o(.data)
    testes5                                  0x2000008c   Data           4  commssteering.o(.data)
    testes6                                  0x20000090   Data           4  commssteering.o(.data)
    testeslinha                              0x20000094   Data           4  commssteering.o(.data)
    testesspeed                              0x20000098   Data           4  commssteering.o(.data)
    testessteer                              0x2000009c   Data           4  commssteering.o(.data)
    byte0                                    0x200000a0   Data           1  commssteering.o(.data)
    byte1                                    0x200000a1   Data           1  commssteering.o(.data)
    byte2                                    0x200000a2   Data           1  commssteering.o(.data)
    byte3                                    0x200000a3   Data           1  commssteering.o(.data)
    byte4                                    0x200000a4   Data           1  commssteering.o(.data)
    sendbytez                                0x200000a5   Data           1  commssteering.o(.data)
    bytecrc                                  0x200000a6   Data           1  commssteering.o(.data)
    bytecrc2                                 0x200000a7   Data           1  commssteering.o(.data)
    ButtonTestPressed                        0x200000af   Data           1  buttontest.o(.data)
    LedGreen                                 0x200000b0   Data           1  buttontest.o(.data)
    LedRed                                   0x200000b1   Data           1  buttontest.o(.data)
    SystemCoreClock                          0x200000b4   Data           4  system_gd32f1x0.o(.data)
    timeoutTimer_paramter_struct             0x200000b8   Data          16  setup.o(.bss)
    timerBldc_paramter_struct                0x200000c8   Data          16  setup.o(.bss)
    timerBldc_break_parameter_struct         0x200000d8   Data          14  setup.o(.bss)
    timerBldc_oc_parameter_struct            0x200000e6   Data          12  setup.o(.bss)
    dma_init_struct_usart                    0x200000f4   Data          36  setup.o(.bss)
    dma_init_struct_adc                      0x20000118   Data          36  setup.o(.bss)
    __libspace_start                         0x2000013c   Data          96  libspace.o(.bss)
    __temporary_stack_top$libspace           0x2000019c   Data           0  libspace.o(.bss)



==============================================================================

Memory Map of the image

  Image Entry point : 0x08000169

  Load Region LR_IROM1 (Base: 0x08000000, Size: 0x000070b4, Max: 0x00010000, ABSOLUTE)

    Execution Region ER_IROM1 (Exec base: 0x08000000, Load base: 0x08000000, Size: 0x00006ffc, Max: 0x00010000, ABSOLUTE)

    Exec Addr    Load Addr    Size         Type   Attr      Idx    E Section Name        Object

    0x08000000   0x08000000   0x00000168   Data   RO          756    RESET               startup_gd32f1x0.o
    0x08000168   0x08000168   0x00000008   Code   RO          827  * !!!main             c_w.l(__main.o)
    0x08000170   0x08000170   0x00000034   Code   RO         1160    !!!scatter          c_w.l(__scatter.o)
    0x080001a4   0x080001a4   0x0000001a   Code   RO         1162    !!handler_copy      c_w.l(__scatter_copy.o)
    0x080001be   0x080001be   0x00000002   PAD
    0x080001c0   0x080001c0   0x0000001c   Code   RO         1164    !!handler_zi        c_w.l(__scatter_zi.o)
    0x080001dc   0x080001dc   0x00000000   Code   RO          822    .ARM.Collect$$_printf_percent$$00000000  c_w.l(_printf_percent.o)
    0x080001dc   0x080001dc   0x00000006   Code   RO          821    .ARM.Collect$$_printf_percent$$00000003  c_w.l(_printf_f.o)
    0x080001e2   0x080001e2   0x00000004   Code   RO          914    .ARM.Collect$$_printf_percent$$00000017  c_w.l(_printf_percent_end.o)
    0x080001e6   0x080001e6   0x00000002   Code   RO         1027    .ARM.Collect$$libinit$$00000000  c_w.l(libinit.o)
    0x080001e8   0x080001e8   0x00000000   Code   RO         1029    .ARM.Collect$$libinit$$00000002  c_w.l(libinit2.o)
    0x080001e8   0x080001e8   0x00000000   Code   RO         1031    .ARM.Collect$$libinit$$00000004  c_w.l(libinit2.o)
    0x080001e8   0x080001e8   0x00000000   Code   RO         1034    .ARM.Collect$$libinit$$0000000A  c_w.l(libinit2.o)
    0x080001e8   0x080001e8   0x00000000   Code   RO         1036    .ARM.Collect$$libinit$$0000000C  c_w.l(libinit2.o)
    0x080001e8   0x080001e8   0x00000000   Code   RO         1038    .ARM.Collect$$libinit$$0000000E  c_w.l(libinit2.o)
    0x080001e8   0x080001e8   0x00000006   Code   RO         1039    .ARM.Collect$$libinit$$0000000F  c_w.l(libinit2.o)
    0x080001ee   0x080001ee   0x00000000   Code   RO         1041    .ARM.Collect$$libinit$$00000011  c_w.l(libinit2.o)
    0x080001ee   0x080001ee   0x00000000   Code   RO         1043    .ARM.Collect$$libinit$$00000013  c_w.l(libinit2.o)
    0x080001ee   0x080001ee   0x00000000   Code   RO         1045    .ARM.Collect$$libinit$$00000015  c_w.l(libinit2.o)
    0x080001ee   0x080001ee   0x0000000a   Code   RO         1046    .ARM.Collect$$libinit$$00000016  c_w.l(libinit2.o)
    0x080001f8   0x080001f8   0x00000000   Code   RO         1047    .ARM.Collect$$libinit$$00000017  c_w.l(libinit2.o)
    0x080001f8   0x080001f8   0x00000000   Code   RO         1049    .ARM.Collect$$libinit$$00000019  c_w.l(libinit2.o)
    0x080001f8   0x080001f8   0x00000000   Code   RO         1051    .ARM.Collect$$libinit$$0000001B  c_w.l(libinit2.o)
    0x080001f8   0x080001f8   0x00000000   Code   RO         1053    .ARM.Collect$$libinit$$0000001D  c_w.l(libinit2.o)
    0x080001f8   0x080001f8   0x00000000   Code   RO         1055    .ARM.Collect$$libinit$$0000001F  c_w.l(libinit2.o)
    0x080001f8   0x080001f8   0x00000000   Code   RO         1057    .ARM.Collect$$libinit$$00000021  c_w.l(libinit2.o)
    0x080001f8   0x080001f8   0x00000000   Code   RO         1059    .ARM.Collect$$libinit$$00000023  c_w.l(libinit2.o)
    0x080001f8   0x080001f8   0x00000000   Code   RO         1061    .ARM.Collect$$libinit$$00000025  c_w.l(libinit2.o)
    0x080001f8   0x080001f8   0x00000000   Code   RO         1065    .ARM.Collect$$libinit$$0000002C  c_w.l(libinit2.o)
    0x080001f8   0x080001f8   0x00000000   Code   RO         1067    .ARM.Collect$$libinit$$0000002E  c_w.l(libinit2.o)
    0x080001f8   0x080001f8   0x00000000   Code   RO         1069    .ARM.Collect$$libinit$$00000030  c_w.l(libinit2.o)
    0x080001f8   0x080001f8   0x00000000   Code   RO         1071    .ARM.Collect$$libinit$$00000032  c_w.l(libinit2.o)
    0x080001f8   0x080001f8   0x00000002   Code   RO         1072    .ARM.Collect$$libinit$$00000033  c_w.l(libinit2.o)
    0x080001fa   0x080001fa   0x00000002   Code   RO         1106    .ARM.Collect$$libshutdown$$00000000  c_w.l(libshutdown.o)
    0x080001fc   0x080001fc   0x00000000   Code   RO         1117    .ARM.Collect$$libshutdown$$00000002  c_w.l(libshutdown2.o)
    0x080001fc   0x080001fc   0x00000000   Code   RO         1119    .ARM.Collect$$libshutdown$$00000004  c_w.l(libshutdown2.o)
    0x080001fc   0x080001fc   0x00000000   Code   RO         1121    .ARM.Collect$$libshutdown$$00000006  c_w.l(libshutdown2.o)
    0x080001fc   0x080001fc   0x00000000   Code   RO         1124    .ARM.Collect$$libshutdown$$00000009  c_w.l(libshutdown2.o)
    0x080001fc   0x080001fc   0x00000000   Code   RO         1127    .ARM.Collect$$libshutdown$$0000000C  c_w.l(libshutdown2.o)
    0x080001fc   0x080001fc   0x00000000   Code   RO         1129    .ARM.Collect$$libshutdown$$0000000E  c_w.l(libshutdown2.o)
    0x080001fc   0x080001fc   0x00000000   Code   RO         1132    .ARM.Collect$$libshutdown$$00000011  c_w.l(libshutdown2.o)
    0x080001fc   0x080001fc   0x00000002   Code   RO         1133    .ARM.Collect$$libshutdown$$00000012  c_w.l(libshutdown2.o)
    0x080001fe   0x080001fe   0x00000000   Code   RO          905    .ARM.Collect$$rtentry$$00000000  c_w.l(__rtentry.o)
    0x080001fe   0x080001fe   0x00000000   Code   RO          951    .ARM.Collect$$rtentry$$00000002  c_w.l(__rtentry2.o)
    0x080001fe   0x080001fe   0x00000006   Code   RO          963    .ARM.Collect$$rtentry$$00000004  c_w.l(__rtentry4.o)
    0x08000204   0x08000204   0x00000000   Code   RO          953    .ARM.Collect$$rtentry$$00000009  c_w.l(__rtentry2.o)
    0x08000204   0x08000204   0x00000004   Code   RO          954    .ARM.Collect$$rtentry$$0000000A  c_w.l(__rtentry2.o)
    0x08000208   0x08000208   0x00000000   Code   RO          956    .ARM.Collect$$rtentry$$0000000C  c_w.l(__rtentry2.o)
    0x08000208   0x08000208   0x00000008   Code   RO          957    .ARM.Collect$$rtentry$$0000000D  c_w.l(__rtentry2.o)
    0x08000210   0x08000210   0x00000002   Code   RO         1075    .ARM.Collect$$rtexit$$00000000  c_w.l(rtexit.o)
    0x08000212   0x08000212   0x00000000   Code   RO         1084    .ARM.Collect$$rtexit$$00000002  c_w.l(rtexit2.o)
    0x08000212   0x08000212   0x00000004   Code   RO         1085    .ARM.Collect$$rtexit$$00000003  c_w.l(rtexit2.o)
    0x08000216   0x08000216   0x00000006   Code   RO         1086    .ARM.Collect$$rtexit$$00000004  c_w.l(rtexit2.o)
    0x0800021c   0x0800021c   0x00000660   Code   RO            4    .text               main.o
    0x0800087c   0x0800087c   0x000003c4   Code   RO          155    .text               bldc.o
    0x08000c40   0x08000c40   0x00000894   Code   RO          194    .text               setup.o
    0x080014d4   0x080014d4   0x00000128   Code   RO          223    .text               it.o
    0x080015fc   0x080015fc   0x00000070   Code   RO          257    .text               comms.o
    0x0800166c   0x0800166c   0x00000188   Code   RO          308    .text               commssteering.o
    0x080017f4   0x080017f4   0x000001c0   Code   RO          336    .text               commsmasterslave.o
    0x080019b4   0x080019b4   0x00000040   Code   RO          413    .text               buttontest.o
    0x080019f4   0x080019f4   0x00000684   Code   RO          441    .text               gd32f1x0_adc.o
    0x08002078   0x08002078   0x000004b4   Code   RO          489    .text               gd32f1x0_dma.o
    0x0800252c   0x0800252c   0x000000cc   Code   RO          513    .text               gd32f1x0_fwdgt.o
    0x080025f8   0x080025f8   0x000001dc   Code   RO          537    .text               gd32f1x0_gpio.o
    0x080027d4   0x080027d4   0x00000338   Code   RO          561    .text               gd32f1x0_i2c.o
    0x08002b0c   0x08002b0c   0x00000124   Code   RO          585    .text               gd32f1x0_misc.o
    0x08002c30   0x08002c30   0x000008a8   Code   RO          637    .text               gd32f1x0_rcu.o
    0x080034d8   0x080034d8   0x00000d2a   Code   RO          685    .text               gd32f1x0_timer.o
    0x08004202   0x08004202   0x00000002   PAD
    0x08004204   0x08004204   0x0000064e   Code   RO          709    .text               gd32f1x0_usart.o
    0x08004852   0x08004852   0x00000002   PAD
    0x08004854   0x08004854   0x00000040   Code   RO          757    .text               startup_gd32f1x0.o
    0x08004894   0x08004894   0x000001ec   Code   RO          764    .text               system_gd32f1x0.o
    0x08004a80   0x08004a80   0x00000028   Code   RO          795    .text               c_w.l(noretval__2sprintf.o)
    0x08004aa8   0x08004aa8   0x0000004e   Code   RO          799    .text               c_w.l(_printf_pad.o)
    0x08004af6   0x08004af6   0x0000010e   Code   RO          809    .text               c_w.l(__printf_wp.o)
    0x08004c04   0x08004c04   0x00000064   Code   RO          823    .text               c_w.l(rt_memcpy_w.o)
    0x08004c68   0x08004c68   0x00000006   Code   RO          825    .text               c_w.l(heapauxi.o)
    0x08004c6e   0x08004c6e   0x0000041e   Code   RO          908    .text               c_w.l(_printf_fp_dec.o)
    0x0800508c   0x0800508c   0x00000030   Code   RO          910    .text               c_w.l(_printf_char_common.o)
    0x080050bc   0x080050bc   0x0000000a   Code   RO          912    .text               c_w.l(_sputc.o)
    0x080050c6   0x080050c6   0x00000002   PAD
    0x080050c8   0x080050c8   0x00000008   Code   RO          968    .text               c_w.l(rt_locale_intlibspace.o)
    0x080050d0   0x080050d0   0x0000008a   Code   RO          975    .text               c_w.l(lludiv10.o)
    0x0800515a   0x0800515a   0x00000002   PAD
    0x0800515c   0x0800515c   0x00000080   Code   RO          977    .text               c_w.l(_printf_fp_infnan.o)
    0x080051dc   0x080051dc   0x000000e4   Code   RO          981    .text               c_w.l(bigflt0.o)
    0x080052c0   0x080052c0   0x00000008   Code   RO         1013    .text               c_w.l(libspace.o)
    0x080052c8   0x080052c8   0x0000004a   Code   RO         1016    .text               c_w.l(sys_stackheap_outer.o)
    0x08005312   0x08005312   0x00000012   Code   RO         1018    .text               c_w.l(exit.o)
    0x08005324   0x08005324   0x00000080   Code   RO         1020    .text               c_w.l(strcmpv7m.o)
    0x080053a4   0x080053a4   0x0000000c   Code   RO         1096    .text               c_w.l(sys_exit.o)
    0x080053b0   0x080053b0   0x00000002   Code   RO         1107    .text               c_w.l(use_no_semi.o)
    0x080053b2   0x080053b2   0x00000000   Code   RO         1109    .text               c_w.l(indicate_semi.o)
    0x080053b2   0x080053b2   0x0000003e   Code   RO          984    CL$$btod_d2e        c_w.l(btod.o)
    0x080053f0   0x080053f0   0x00000046   Code   RO          986    CL$$btod_d2e_denorm_low  c_w.l(btod.o)
    0x08005436   0x08005436   0x00000060   Code   RO          985    CL$$btod_d2e_norm_op1  c_w.l(btod.o)
    0x08005496   0x08005496   0x00000338   Code   RO          994    CL$$btod_div_common  c_w.l(btod.o)
    0x080057ce   0x080057ce   0x000000dc   Code   RO          991    CL$$btod_e2e        c_w.l(btod.o)
    0x080058aa   0x080058aa   0x0000002a   Code   RO          988    CL$$btod_ediv       c_w.l(btod.o)
    0x080058d4   0x080058d4   0x0000002a   Code   RO          987    CL$$btod_emul       c_w.l(btod.o)
    0x080058fe   0x080058fe   0x00000244   Code   RO          993    CL$$btod_mult_common  c_w.l(btod.o)
    0x08005b42   0x08005b42   0x00000028   Code   RO          946    i.__ARM_fpclassify  m_ws.l(fpclassify.o)
    0x08005b6a   0x08005b6a   0x0000000e   Code   RO          811    i._is_digit         c_w.l(__printf_wp.o)
    0x08005b78   0x08005b78   0x0000006a   Code   RO          177    i.blockPWM          bldc.o
    0x08005be2   0x08005be2   0x00000002   PAD
    0x08005be4   0x08005be4   0x0000002c   Code   RO         1007    locale$$code        c_w.l(lc_numeric_c.o)
    0x08005c10   0x08005c10   0x00000062   Code   RO          829    x$fpl$d2f           fz_ws.l(d2f.o)
    0x08005c72   0x08005c72   0x00000002   PAD
    0x08005c74   0x08005c74   0x00000150   Code   RO          831    x$fpl$dadd          fz_ws.l(daddsub_clz.o)
    0x08005dc4   0x08005dc4   0x00000018   Code   RO          915    x$fpl$dcmpinf       fz_ws.l(dcmpi.o)
    0x08005ddc   0x08005ddc   0x000002b0   Code   RO          838    x$fpl$ddiv          fz_ws.l(ddiv.o)
    0x0800608c   0x0800608c   0x0000002e   Code   RO          842    x$fpl$dflt          fz_ws.l(dflt_clz.o)
    0x080060ba   0x080060ba   0x00000002   PAD
    0x080060bc   0x080060bc   0x00000078   Code   RO          847    x$fpl$dleqf         fz_ws.l(dleqf.o)
    0x08006134   0x08006134   0x00000154   Code   RO          849    x$fpl$dmul          fz_ws.l(dmul.o)
    0x08006288   0x08006288   0x0000009c   Code   RO          917    x$fpl$dnaninf       fz_ws.l(dnaninf.o)
    0x08006324   0x08006324   0x0000000c   Code   RO          919    x$fpl$dretinf       fz_ws.l(dretinf.o)
    0x08006330   0x08006330   0x0000006c   Code   RO          851    x$fpl$drleqf        fz_ws.l(drleqf.o)
    0x0800639c   0x0800639c   0x000001d4   Code   RO          833    x$fpl$dsub          fz_ws.l(daddsub_clz.o)
    0x08006570   0x08006570   0x00000056   Code   RO          853    x$fpl$f2d           fz_ws.l(f2d.o)
    0x080065c6   0x080065c6   0x00000002   PAD
    0x080065c8   0x080065c8   0x000000c4   Code   RO          855    x$fpl$fadd          fz_ws.l(faddsub_clz.o)
    0x0800668c   0x0800668c   0x00000018   Code   RO          923    x$fpl$fcmpinf       fz_ws.l(fcmpi.o)
    0x080066a4   0x080066a4   0x00000184   Code   RO          862    x$fpl$fdiv          fz_ws.l(fdiv.o)
    0x08006828   0x08006828   0x00000036   Code   RO          865    x$fpl$ffix          fz_ws.l(ffix.o)
    0x0800685e   0x0800685e   0x00000002   PAD
    0x08006860   0x08006860   0x0000003e   Code   RO          869    x$fpl$ffixu         fz_ws.l(ffixu.o)
    0x0800689e   0x0800689e   0x00000002   PAD
    0x080068a0   0x080068a0   0x00000030   Code   RO          874    x$fpl$fflt          fz_ws.l(fflt_clz.o)
    0x080068d0   0x080068d0   0x00000026   Code   RO          873    x$fpl$ffltu         fz_ws.l(fflt_clz.o)
    0x080068f6   0x080068f6   0x00000002   PAD
    0x080068f8   0x080068f8   0x00000068   Code   RO          879    x$fpl$fleqf         fz_ws.l(fleqf.o)
    0x08006960   0x08006960   0x00000102   Code   RO          881    x$fpl$fmul          fz_ws.l(fmul.o)
    0x08006a62   0x08006a62   0x0000008c   Code   RO          925    x$fpl$fnaninf       fz_ws.l(fnaninf.o)
    0x08006aee   0x08006aee   0x0000000a   Code   RO          927    x$fpl$fretinf       fz_ws.l(fretinf.o)
    0x08006af8   0x08006af8   0x00000062   Code   RO          883    x$fpl$frleqf        fz_ws.l(frleqf.o)
    0x08006b5a   0x08006b5a   0x00000002   PAD
    0x08006b5c   0x08006b5c   0x000000ea   Code   RO          857    x$fpl$fsub          fz_ws.l(faddsub_clz.o)
    0x08006c46   0x08006c46   0x00000004   Code   RO          885    x$fpl$printf1       fz_ws.l(printf1.o)
    0x08006c4a   0x08006c4a   0x00000000   Code   RO          931    x$fpl$usenofp       fz_ws.l(usenofp.o)
    0x08006c4a   0x08006c4a   0x00000002   PAD
    0x08006c4c   0x08006c4c   0x000002d4   Data   RO            6    .constdata          main.o
    0x08006f20   0x08006f20   0x0000000a   Data   RO          156    .constdata          bldc.o
    0x08006f2a   0x08006f2a   0x00000002   PAD
    0x08006f2c   0x08006f2c   0x00000094   Data   RO          982    .constdata          c_w.l(bigflt0.o)
    0x08006fc0   0x08006fc0   0x00000020   Data   RO         1158    Region$$Table       anon$$obj.o
    0x08006fe0   0x08006fe0   0x0000001c   Data   RO         1006    locale$$data        c_w.l(lc_numeric_c.o)


    Execution Region RW_IRAM1 (Exec base: 0x20000000, Load base: 0x08006ffc, Size: 0x000009a0, Max: 0x00002000, ABSOLUTE)

    Exec Addr    Load Addr    Size         Type   Attr      Idx    E Section Name        Object

    0x20000000   0x08006ffc   0x0000002a   Data   RW            7    .data               main.o
    0x2000002a   0x08007026   0x00000002   PAD
    0x2000002c   0x08007028   0x00000030   Data   RW          157    .data               bldc.o
    0x2000005c   0x08007058   0x00000002   Data   RW          196    .data               setup.o
    0x2000005e   0x0800705a   0x00000002   PAD
    0x20000060   0x0800705c   0x00000010   Data   RW          224    .data               it.o
    0x20000070   0x0800706c   0x00000038   Data   RW          309    .data               commssteering.o
    0x200000a8   0x080070a4   0x00000007   Data   RW          337    .data               commsmasterslave.o
    0x200000af   0x080070ab   0x00000003   Data   RW          414    .data               buttontest.o
    0x200000b2   0x080070ae   0x00000002   PAD
    0x200000b4   0x080070b0   0x00000004   Data   RW          765    .data               system_gd32f1x0.o
    0x200000b8        -       0x00000084   Zero   RW          195    .bss                setup.o
    0x2000013c        -       0x00000060   Zero   RW         1014    .bss                c_w.l(libspace.o)
    0x2000019c   0x080070b4   0x00000004   PAD
    0x200001a0        -       0x00000400   Zero   RW          755    HEAP                startup_gd32f1x0.o
    0x200005a0        -       0x00000400   Zero   RW          754    STACK               startup_gd32f1x0.o


==============================================================================

Image component sizes


      Code (inc. data)   RO Data    RW Data    ZI Data      Debug   Object Name

      1070        158         10         48          0       3461   bldc.o
        64         18          0          3          0        761   buttontest.o
       112          0          0          0          0       1265   comms.o
       448         34          0          7          0       2836   commsmasterslave.o
       392        102          0         56          0       2868   commssteering.o
      1668         22          0          0          0       6901   gd32f1x0_adc.o
      1204          8          0          0          0       5847   gd32f1x0_dma.o
       204         10          0          0          0       1754   gd32f1x0_fwdgt.o
       476         10          0          0          0       3713   gd32f1x0_gpio.o
       824         18          0          0          0       7354   gd32f1x0_i2c.o
       292         22          0          0          0       1833   gd32f1x0_misc.o
      2216         90          0          0          0       9308   gd32f1x0_rcu.o
      3370         30          0          0          0      17852   gd32f1x0_timer.o
      1614         12          0          0          0      14141   gd32f1x0_usart.o
       296         38          0         16          0       4058   it.o
      1632        152        724         42          0      92584   main.o
      2196         76          0          2        132       3755   setup.o
        64         26        360          0       2048        876   startup_gd32f1x0.o
       492         52          0          4          0       2013   system_gd32f1x0.o

    ----------------------------------------------------------------------
     18640        878       1128        184       2180     183180   Object Totals
         0          0         32          0          0          0   (incl. Generated)
         6          0          2          6          0          0   (incl. Padding)

    ----------------------------------------------------------------------

      Code (inc. data)   RO Data    RW Data    ZI Data      Debug   Library Member Name

         8          0          0          0          0         68   __main.o
       284          0          0          0          0        156   __printf_wp.o
         0          0          0          0          0          0   __rtentry.o
        12          0          0          0          0          0   __rtentry2.o
         6          0          0          0          0          0   __rtentry4.o
        52          8          0          0          0          0   __scatter.o
        26          0          0          0          0          0   __scatter_copy.o
        28          0          0          0          0          0   __scatter_zi.o
        48          6          0          0          0         96   _printf_char_common.o
         6          0          0          0          0          0   _printf_f.o
      1054          0          0          0          0        216   _printf_fp_dec.o
       128         16          0          0          0         84   _printf_fp_infnan.o
        78          0          0          0          0        108   _printf_pad.o
         0          0          0          0          0          0   _printf_percent.o
         4          0          0          0          0          0   _printf_percent_end.o
        10          0          0          0          0         68   _sputc.o
       228          4        148          0          0         96   bigflt0.o
      1936        128          0          0          0        672   btod.o
        18          0          0          0          0         80   exit.o
         6          0          0          0          0        152   heapauxi.o
         0          0          0          0          0          0   indicate_semi.o
        44         10         28          0          0         76   lc_numeric_c.o
         2          0          0          0          0          0   libinit.o
        18          0          0          0          0          0   libinit2.o
         2          0          0          0          0          0   libshutdown.o
         2          0          0          0          0          0   libshutdown2.o
         8          4          0          0         96         68   libspace.o
       138          0          0          0          0         80   lludiv10.o
        40          6          0          0          0         84   noretval__2sprintf.o
         8          4          0          0          0         68   rt_locale_intlibspace.o
       100          0          0          0          0         80   rt_memcpy_w.o
         2          0          0          0          0          0   rtexit.o
        10          0          0          0          0          0   rtexit2.o
       128          0          0          0          0         68   strcmpv7m.o
        12          4          0          0          0         68   sys_exit.o
        74          0          0          0          0         80   sys_stackheap_outer.o
         2          0          0          0          0         68   use_no_semi.o
        98          4          0          0          0         92   d2f.o
       804         16          0          0          0        272   daddsub_clz.o
        24          0          0          0          0         68   dcmpi.o
       688        140          0          0          0        208   ddiv.o
        46          0          0          0          0         68   dflt_clz.o
       120          4          0          0          0         92   dleqf.o
       340         12          0          0          0        104   dmul.o
       156          4          0          0          0         92   dnaninf.o
        12          0          0          0          0         68   dretinf.o
       108          0          0          0          0         80   drleqf.o
        86          4          0          0          0         84   f2d.o
       430          8          0          0          0        168   faddsub_clz.o
        24          0          0          0          0         68   fcmpi.o
       388         76          0          0          0         96   fdiv.o
        54          4          0          0          0         84   ffix.o
        62          4          0          0          0         84   ffixu.o
        86          0          0          0          0        136   fflt_clz.o
       104          4          0          0          0         84   fleqf.o
       258          4          0          0          0         84   fmul.o
       140          4          0          0          0         84   fnaninf.o
        10          0          0          0          0         68   fretinf.o
        98          0          0          0          0         68   frleqf.o
         4          0          0          0          0         68   printf1.o
         0          0          0          0          0          0   usenofp.o
        40          0          0          0          0         68   fpclassify.o

    ----------------------------------------------------------------------
      8724        478        176          0        100       4924   Library Totals
        22          0          0          0          4          0   (incl. Padding)

    ----------------------------------------------------------------------

      Code (inc. data)   RO Data    RW Data    ZI Data      Debug   Library Name

      4522        190        176          0         96       2536   c_w.l
      4140        288          0          0          0       2320   fz_ws.l
        40          0          0          0          0         68   m_ws.l

    ----------------------------------------------------------------------
      8724        478        176          0        100       4924   Library Totals

    ----------------------------------------------------------------------

==============================================================================


      Code (inc. data)   RO Data    RW Data    ZI Data      Debug   

     27364       1356       1304        184       2280     183368   Grand Totals
     27364       1356       1304        184       2280     183368   ELF Image Totals
     27364       1356       1304        184          0          0   ROM Totals

==============================================================================

    Total RO  Size (Code + RO Data)                28668 (  28.00kB)
    Total RW  Size (RW Data + ZI Data)              2464 (   2.41kB)
    Total ROM Size (Code + RO Data + RW Data)      28852 (  28.18kB)

==============================================================================

